[INFO] Scanning for projects...
[INFO] 
[INFO] --------------------< com.juaracoding:testing-bdd >---------------------
[INFO] Building testing-bdd 1.0-SNAPSHOT
[INFO]   from pom.xml
[INFO] --------------------------------[ jar ]---------------------------------
[INFO] 
[INFO] --- resources:3.3.1:resources (default-resources) @ testing-bdd ---
[INFO] Copying 2 resources from src\main\resources to target\classes
[INFO] 
[INFO] --- compiler:3.13.0:compile (default-compile) @ testing-bdd ---
[INFO] Nothing to compile - all classes are up to date.
[INFO] 
[INFO] --- resources:3.3.1:testResources (default-testResources) @ testing-bdd ---
[INFO] skip non existing resourceDirectory C:\Users\User\OneDrive\Dokumen\SQABatch27\Hadir-Quality-Assurance\src\test\resources
[INFO] 
[INFO] --- compiler:3.13.0:testCompile (default-testCompile) @ testing-bdd ---
[INFO] Nothing to compile - all classes are up to date.
[INFO] 
[INFO] --- surefire:3.0.0:test (default-test) @ testing-bdd ---
[INFO] Using auto detected provider org.apache.maven.surefire.testng.TestNGProvider
[INFO] 
[INFO] -------------------------------------------------------
[INFO]  T E S T S
[INFO] -------------------------------------------------------
[INFO] Running com.juaracoding.kelompok1.TestRunner
mvn : SLF4J(W): No SLF4J providers were found.
At line:1 char:73
+ ... h27\Hadir-Quality-Assurance'; mvn test > test-output.txt 2>&1; Get-Co ...
+                                   ~~~~~~~~~~~~~~~~~~~~~~~~~~~~~~~
    + CategoryInfo          : NotSpecified: (SLF4J(W): No SLF4J providers were 
    found.:String) [], RemoteException
    + FullyQualifiedErrorId : NativeCommandError
 
SLF4J(W): Defaulting to no-operation (NOP) logger implementation
SLF4J(W): See https://www.slf4j.org/codes.html#noProviders for further details.

Scenario: Verify dashboard widgets visibility                         # src/main/resources/features/Dashboard.feature:6
Apr 27, 2026 1:41:36 PM org.openqa.selenium.devtools.CdpVersionFinder 
findNearestMatch
WARNING: Unable to find CDP implementation matching 147
Apr 27, 2026 1:41:36 PM org.openqa.selenium.chromium.ChromiumDriver 
lambda$new$5
WARNING: Unable to find version of CDP to use for 147.0.7727.118. You may need 
to include a dependency on a specific version of the CDP using something 
similar to `org.seleniumhq.selenium:selenium-devtools-v86:4.21.0` where the 
version ("v86") matches the version of the chromium-based browser you're using 
and the version number of the artifact is the same as Selenium's.
  ? Given User login sebagai Admin                                    # com.juaracoding.kelompok1.steps.DashboardSteps.user_login_sebagai_admin()
        org.openqa.selenium.ElementNotInteractableException: element not interactable
          (Session info: chrome=147.0.7727.118)
        Build info: version: '4.21.0', revision: '79ed462ef4'
        System info: os.name: 'Windows 11', os.arch: 'amd64', os.version: '10.0', java.version: '25.0.2'
        Driver info: org.openqa.selenium.chrome.ChromeDriver
        Command: [98e949049589b5e811d299533d389803, sendKeysToElement {value=[Ljava.lang.CharSequence;@1eaf1e62, id=f.7B613FD8117686E3DBD67A475FFE4CDD.d.6685ED23E3DD87A238B7A048A53ACBEF.e.17}]
        Capabilities {acceptInsecureCerts: false, browserName: chrome, browserVersion: 147.0.7727.118, chrome: {chromedriverVersion: 147.0.7727.117 (474cc805edd..., userDataDir: C:\Users\User\AppData\Local...}, fedcm:accounts: true, goog:chromeOptions: {debuggerAddress: localhost:59575}, goog:processID: 22220, networkConnectionEnabled: false, pageLoadStrategy: normal, platformName: windows, proxy: Proxy(), se:cdp: ws://localhost:59575/devtoo..., se:cdpVersion: 147.0.7727.118, setWindowRect: true, strictFileInteractability: false, timeouts: {implicit: 0, pageLoad: 300000, script: 30000}, unhandledPromptBehavior: dismiss and notify, webauthn:extension:credBlob: true, webauthn:extension:largeBlob: true, webauthn:extension:minPinLength: true, webauthn:extension:prf: true, webauthn:virtualAuthenticators: true}
        Element: [[ChromeDriver: chrome on windows (98e949049589b5e811d299533d389803)] -> name: password]
        Session ID: 98e949049589b5e811d299533d389803
        	at java.base/jdk.internal.reflect.DirectConstructorHandleAccessor.newInstance(DirectConstructorHandleAccessor.java:62)
        	at java.base/java.lang.reflect.Constructor.newInstanceWithCaller(Constructor.java:499)
        	at java.base/java.lang.reflect.Constructor.newInstance(Constructor.java:483)
        	at org.openqa.selenium.remote.ErrorCodec.decode(ErrorCodec.java:167)
        	at org.openqa.selenium.remote.codec.w3c.W3CHttpResponseCodec.decode(W3CHttpResponseCodec.java:138)
        	at org.openqa.selenium.remote.codec.w3c.W3CHttpResponseCodec.decode(W3CHttpResponseCodec.java:50)
        	at org.openqa.selenium.remote.HttpCommandExecutor.execute(HttpCommandExecutor.java:190)
        	at org.openqa.selenium.remote.service.DriverCommandExecutor.invokeExecute(DriverCommandExecutor.java:216)
        	at org.openqa.selenium.remote.service.DriverCommandExecutor.execute(DriverCommandExecutor.java:174)
        	at org.openqa.selenium.remote.RemoteWebDriver.execute(RemoteWebDriver.java:518)
        	at org.openqa.selenium.remote.RemoteWebElement.execute(RemoteWebElement.java:223)
        	at org.openqa.selenium.remote.RemoteWebElement.sendKeys(RemoteWebElement.java:110)
        	at com.juaracoding.kelompok1.pages.DashboardPage.login(DashboardPage.java:37)
        	at com.juaracoding.kelompok1.steps.DashboardSteps.user_login_sebagai_admin(DashboardSteps.java:33)
        	at ?.User login sebagai Admin(file:///C:/Users/User/OneDrive/Dokumen/SQABatch27/Hadir-Quality-Assurance/src/main/resources/features/Dashboard.feature:7)
  ? When User membuka halaman Dashboard                               # com.juaracoding.kelompok1.steps.DashboardSteps.buka_dashboard()
  ? Then Widget Lembur, Cuti, Koreksi tampil                          # com.juaracoding.kelompok1.steps.DashboardSteps.verify_widget_visibility()
  ? And Setiap widget menampilkan angka statistik yang valid          # com.juaracoding.kelompok1.steps.DashboardSteps.verify_widget_value()
  ? And Data ditampilkan berdasarkan range awal bulan sampai hari ini # com.juaracoding.kelompok1.steps.DashboardSteps.verify_default_date()

Scenario: Verify filter by valid date range                                         # src/main/resources/features/Dashboard.feature:13
Apr 27, 2026 1:41:41 PM org.openqa.selenium.devtools.CdpVersionFinder 
findNearestMatch
WARNING: Unable to find CDP implementation matching 147
Apr 27, 2026 1:41:41 PM org.openqa.selenium.chromium.ChromiumDriver 
lambda$new$5
WARNING: Unable to find version of CDP to use for 147.0.7727.118. You may need 
to include a dependency on a specific version of the CDP using something 
similar to `org.seleniumhq.selenium:selenium-devtools-v86:4.21.0` where the 
version ("v86") matches the version of the chromium-based browser you're using 
and the version number of the artifact is the same as Selenium's.
  ? Given User berada di halaman Dashboard                                          # com.juaracoding.kelompok1.steps.DashboardSteps.user_di_dashboard()
        org.openqa.selenium.ElementNotInteractableException: element not interactable
          (Session info: chrome=147.0.7727.118)
        Build info: version: '4.21.0', revision: '79ed462ef4'
        System info: os.name: 'Windows 11', os.arch: 'amd64', os.version: '10.0', java.version: '25.0.2'
        Driver info: org.openqa.selenium.chrome.ChromeDriver
        Command: [461fa063a0faa7a03ae105cfa8b4139c, sendKeysToElement {value=[Ljava.lang.CharSequence;@f3fcd59, id=f.63338C2FC9E5C6FBC2032AEEDD8A0741.d.0529B8E78459A8F4D2DE512962BF7B0D.e.16}]
        Capabilities {acceptInsecureCerts: false, browserName: chrome, browserVersion: 147.0.7727.118, chrome: {chromedriverVersion: 147.0.7727.117 (474cc805edd..., userDataDir: C:\Users\User\AppData\Local...}, fedcm:accounts: true, goog:chromeOptions: {debuggerAddress: localhost:52059}, goog:processID: 22232, networkConnectionEnabled: false, pageLoadStrategy: normal, platformName: windows, proxy: Proxy(), se:cdp: ws://localhost:52059/devtoo..., se:cdpVersion: 147.0.7727.118, setWindowRect: true, strictFileInteractability: false, timeouts: {implicit: 0, pageLoad: 300000, script: 30000}, unhandledPromptBehavior: dismiss and notify, webauthn:extension:credBlob: true, webauthn:extension:largeBlob: true, webauthn:extension:minPinLength: true, webauthn:extension:prf: true, webauthn:virtualAuthenticators: true}
        Element: [[ChromeDriver: chrome on windows (461fa063a0faa7a03ae105cfa8b4139c)] -> name: password]
        Session ID: 461fa063a0faa7a03ae105cfa8b4139c
        	at java.base/jdk.internal.reflect.DirectConstructorHandleAccessor.newInstance(DirectConstructorHandleAccessor.java:62)
        	at java.base/java.lang.reflect.Constructor.newInstanceWithCaller(Constructor.java:499)
        	at java.base/java.lang.reflect.Constructor.newInstance(Constructor.java:483)
        	at org.openqa.selenium.remote.ErrorCodec.decode(ErrorCodec.java:167)
        	at org.openqa.selenium.remote.codec.w3c.W3CHttpResponseCodec.decode(W3CHttpResponseCodec.java:138)
        	at org.openqa.selenium.remote.codec.w3c.W3CHttpResponseCodec.decode(W3CHttpResponseCodec.java:50)
        	at org.openqa.selenium.remote.HttpCommandExecutor.execute(HttpCommandExecutor.java:190)
        	at org.openqa.selenium.remote.service.DriverCommandExecutor.invokeExecute(DriverCommandExecutor.java:216)
        	at org.openqa.selenium.remote.service.DriverCommandExecutor.execute(DriverCommandExecutor.java:174)
        	at org.openqa.selenium.remote.RemoteWebDriver.execute(RemoteWebDriver.java:518)
        	at org.openqa.selenium.remote.RemoteWebElement.execute(RemoteWebElement.java:223)
        	at org.openqa.selenium.remote.RemoteWebElement.sendKeys(RemoteWebElement.java:110)
        	at com.juaracoding.kelompok1.pages.DashboardPage.login(DashboardPage.java:37)
        	at com.juaracoding.kelompok1.steps.DashboardSteps.user_login_sebagai_admin(DashboardSteps.java:33)
        	at com.juaracoding.kelompok1.steps.DashboardSteps.user_di_dashboard(DashboardSteps.java:38)
        	at ?.User berada di halaman Dashboard(file:///C:/Users/User/OneDrive/Dokumen/SQABatch27/Hadir-Quality-Assurance/src/main/resources/features/Dashboard.feature:14)
  ? When User menginput Start Date "2026-01-01"                                     # com.juaracoding.kelompok1.steps.DashboardSteps.input_start_date(java.lang.String)
  ? And User menginput End Date "2026-04-01"                                        # com.juaracoding.kelompok1.steps.DashboardSteps.input_end_date(java.lang.String)
  ? And User klik tombol Search                                                     # com.juaracoding.kelompok1.steps.DashboardSteps.klik_search()
  ? Then Data yang ditampilkan hanya dalam rentang "01/01/2026" sampai "01/04/2026" # com.juaracoding.kelompok1.steps.DashboardSteps.verify_date_range(java.lang.String,java.lang.String)

Scenario: Verify filter with empty date input                            # src/main/resources/features/Dashboard.feature:20
Apr 27, 2026 1:41:45 PM org.openqa.selenium.devtools.CdpVersionFinder 
findNearestMatch
WARNING: Unable to find CDP implementation matching 147
Apr 27, 2026 1:41:45 PM org.openqa.selenium.chromium.ChromiumDriver 
lambda$new$5
WARNING: Unable to find version of CDP to use for 147.0.7727.118. You may need 
to include a dependency on a specific version of the CDP using something 
similar to `org.seleniumhq.selenium:selenium-devtools-v86:4.21.0` where the 
version ("v86") matches the version of the chromium-based browser you're using 
and the version number of the artifact is the same as Selenium's.
  ? Given User berada di halaman Dashboard                               # com.juaracoding.kelompok1.steps.DashboardSteps.user_di_dashboard()
        org.openqa.selenium.ElementNotInteractableException: element not interactable
          (Session info: chrome=147.0.7727.118)
        Build info: version: '4.21.0', revision: '79ed462ef4'
        System info: os.name: 'Windows 11', os.arch: 'amd64', os.version: '10.0', java.version: '25.0.2'
        Driver info: org.openqa.selenium.chrome.ChromeDriver
        Command: [c09a4c9f4c72ddb8a3ed2044c265b902, sendKeysToElement {value=[Ljava.lang.CharSequence;@4248e66b, id=f.2BFD6588E36EF4C99D202B64CF7E646A.d.D97BAC531FC44E54EA66771CDCAA01AB.e.17}]
        Capabilities {acceptInsecureCerts: false, browserName: chrome, browserVersion: 147.0.7727.118, chrome: {chromedriverVersion: 147.0.7727.117 (474cc805edd..., userDataDir: C:\Users\User\AppData\Local...}, fedcm:accounts: true, goog:chromeOptions: {debuggerAddress: localhost:57250}, goog:processID: 2988, networkConnectionEnabled: false, pageLoadStrategy: normal, platformName: windows, proxy: Proxy(), se:cdp: ws://localhost:57250/devtoo..., se:cdpVersion: 147.0.7727.118, setWindowRect: true, strictFileInteractability: false, timeouts: {implicit: 0, pageLoad: 300000, script: 30000}, unhandledPromptBehavior: dismiss and notify, webauthn:extension:credBlob: true, webauthn:extension:largeBlob: true, webauthn:extension:minPinLength: true, webauthn:extension:prf: true, webauthn:virtualAuthenticators: true}
        Element: [[ChromeDriver: chrome on windows (c09a4c9f4c72ddb8a3ed2044c265b902)] -> name: password]
        Session ID: c09a4c9f4c72ddb8a3ed2044c265b902
        	at java.base/jdk.internal.reflect.DirectConstructorHandleAccessor.newInstance(DirectConstructorHandleAccessor.java:62)
        	at java.base/java.lang.reflect.Constructor.newInstanceWithCaller(Constructor.java:499)
        	at java.base/java.lang.reflect.Constructor.newInstance(Constructor.java:483)
        	at org.openqa.selenium.remote.ErrorCodec.decode(ErrorCodec.java:167)
        	at org.openqa.selenium.remote.codec.w3c.W3CHttpResponseCodec.decode(W3CHttpResponseCodec.java:138)
        	at org.openqa.selenium.remote.codec.w3c.W3CHttpResponseCodec.decode(W3CHttpResponseCodec.java:50)
        	at org.openqa.selenium.remote.HttpCommandExecutor.execute(HttpCommandExecutor.java:190)
        	at org.openqa.selenium.remote.service.DriverCommandExecutor.invokeExecute(DriverCommandExecutor.java:216)
        	at org.openqa.selenium.remote.service.DriverCommandExecutor.execute(DriverCommandExecutor.java:174)
        	at org.openqa.selenium.remote.RemoteWebDriver.execute(RemoteWebDriver.java:518)
        	at org.openqa.selenium.remote.RemoteWebElement.execute(RemoteWebElement.java:223)
        	at org.openqa.selenium.remote.RemoteWebElement.sendKeys(RemoteWebElement.java:110)
        	at com.juaracoding.kelompok1.pages.DashboardPage.login(DashboardPage.java:37)
        	at com.juaracoding.kelompok1.steps.DashboardSteps.user_login_sebagai_admin(DashboardSteps.java:33)
        	at com.juaracoding.kelompok1.steps.DashboardSteps.user_di_dashboard(DashboardSteps.java:38)
        	at ?.User berada di halaman Dashboard(file:///C:/Users/User/OneDrive/Dokumen/SQABatch27/Hadir-Quality-Assurance/src/main/resources/features/Dashboard.feature:21)
  ? When User tidak menginput Start Date dan End Date                    # com.juaracoding.kelompok1.steps.DashboardSteps.no_date_input()
  ? And User klik tombol Search                                          # com.juaracoding.kelompok1.steps.DashboardSteps.klik_search()
  ? Then Sistem menampilkan validasi atau menggunakan default date range # com.juaracoding.kelompok1.steps.DashboardSteps.verify_empty_date()

Scenario: Verify filter by valid unit                        # src/main/resources/features/Dashboard.feature:26
Apr 27, 2026 1:41:51 PM org.openqa.selenium.devtools.CdpVersionFinder 
findNearestMatch
WARNING: Unable to find CDP implementation matching 147
Apr 27, 2026 1:41:51 PM org.openqa.selenium.chromium.ChromiumDriver 
lambda$new$5
WARNING: Unable to find version of CDP to use for 147.0.7727.118. You may need 
to include a dependency on a specific version of the CDP using something 
similar to `org.seleniumhq.selenium:selenium-devtools-v86:4.21.0` where the 
version ("v86") matches the version of the chromium-based browser you're using 
and the version number of the artifact is the same as Selenium's.
  ? Given User berada di halaman Dashboard                   # com.juaracoding.kelompok1.steps.DashboardSteps.user_di_dashboard()
        org.openqa.selenium.ElementNotInteractableException: element not interactable
          (Session info: chrome=147.0.7727.118)
        Build info: version: '4.21.0', revision: '79ed462ef4'
        System info: os.name: 'Windows 11', os.arch: 'amd64', os.version: '10.0', java.version: '25.0.2'
        Driver info: org.openqa.selenium.chrome.ChromeDriver
        Command: [20014d39ad2bb7e65dfc5a2dc8503a42, sendKeysToElement {value=[Ljava.lang.CharSequence;@38b5f25, id=f.8FED8428ECBE4EA69A858B301F26F0D9.d.F9607973CCA06DE140F42E375834EDB9.e.17}]
        Capabilities {acceptInsecureCerts: false, browserName: chrome, browserVersion: 147.0.7727.118, chrome: {chromedriverVersion: 147.0.7727.117 (474cc805edd..., userDataDir: C:\Users\User\AppData\Local...}, fedcm:accounts: true, goog:chromeOptions: {debuggerAddress: localhost:51553}, goog:processID: 12188, networkConnectionEnabled: false, pageLoadStrategy: normal, platformName: windows, proxy: Proxy(), se:cdp: ws://localhost:51553/devtoo..., se:cdpVersion: 147.0.7727.118, setWindowRect: true, strictFileInteractability: false, timeouts: {implicit: 0, pageLoad: 300000, script: 30000}, unhandledPromptBehavior: dismiss and notify, webauthn:extension:credBlob: true, webauthn:extension:largeBlob: true, webauthn:extension:minPinLength: true, webauthn:extension:prf: true, webauthn:virtualAuthenticators: true}
        Element: [[ChromeDriver: chrome on windows (20014d39ad2bb7e65dfc5a2dc8503a42)] -> name: password]
        Session ID: 20014d39ad2bb7e65dfc5a2dc8503a42
        	at java.base/jdk.internal.reflect.DirectConstructorHandleAccessor.newInstance(DirectConstructorHandleAccessor.java:62)
        	at java.base/java.lang.reflect.Constructor.newInstanceWithCaller(Constructor.java:499)
        	at java.base/java.lang.reflect.Constructor.newInstance(Constructor.java:483)
        	at org.openqa.selenium.remote.ErrorCodec.decode(ErrorCodec.java:167)
        	at org.openqa.selenium.remote.codec.w3c.W3CHttpResponseCodec.decode(W3CHttpResponseCodec.java:138)
        	at org.openqa.selenium.remote.codec.w3c.W3CHttpResponseCodec.decode(W3CHttpResponseCodec.java:50)
        	at org.openqa.selenium.remote.HttpCommandExecutor.execute(HttpCommandExecutor.java:190)
        	at org.openqa.selenium.remote.service.DriverCommandExecutor.invokeExecute(DriverCommandExecutor.java:216)
        	at org.openqa.selenium.remote.service.DriverCommandExecutor.execute(DriverCommandExecutor.java:174)
        	at org.openqa.selenium.remote.RemoteWebDriver.execute(RemoteWebDriver.java:518)
        	at org.openqa.selenium.remote.RemoteWebElement.execute(RemoteWebElement.java:223)
        	at org.openqa.selenium.remote.RemoteWebElement.sendKeys(RemoteWebElement.java:110)
        	at com.juaracoding.kelompok1.pages.DashboardPage.login(DashboardPage.java:37)
        	at com.juaracoding.kelompok1.steps.DashboardSteps.user_login_sebagai_admin(DashboardSteps.java:33)
        	at com.juaracoding.kelompok1.steps.DashboardSteps.user_di_dashboard(DashboardSteps.java:38)
        	at ?.User berada di halaman Dashboard(file:///C:/Users/User/OneDrive/Dokumen/SQABatch27/Hadir-Quality-Assurance/src/main/resources/features/Dashboard.feature:27)
  ? When User klik tombol Filter                             # com.juaracoding.kelompok1.steps.DashboardSteps.click_filter_button()
  ? And User memilih Unit "111"                              # com.juaracoding.kelompok1.steps.DashboardSteps.select_unit(java.lang.String)
  ? And User klik tombol Terapkan                            # com.juaracoding.kelompok1.steps.DashboardSteps.click_apply_button()
  ? Then Data yang ditampilkan hanya berasal dari Unit "111" # com.juaracoding.kelompok1.steps.DashboardSteps.verify_unit_data(java.lang.String)

Scenario: Verify reset filter functionality # src/main/resources/features/Dashboard.feature:33
Apr 27, 2026 1:41:55 PM org.openqa.selenium.devtools.CdpVersionFinder 
findNearestMatch
WARNING: Unable to find CDP implementation matching 147
Apr 27, 2026 1:41:55 PM org.openqa.selenium.chromium.ChromiumDriver 
lambda$new$5
WARNING: Unable to find version of CDP to use for 147.0.7727.118. You may need 
to include a dependency on a specific version of the CDP using something 
similar to `org.seleniumhq.selenium:selenium-devtools-v86:4.21.0` where the 
version ("v86") matches the version of the chromium-based browser you're using 
and the version number of the artifact is the same as Selenium's.
  ? Given User sudah menerapkan filter      # com.juaracoding.kelompok1.steps.DashboardSteps.user_sudah_menerapkan_filter()
        org.openqa.selenium.ElementNotInteractableException: element not interactable
          (Session info: chrome=147.0.7727.118)
        Build info: version: '4.21.0', revision: '79ed462ef4'
        System info: os.name: 'Windows 11', os.arch: 'amd64', os.version: '10.0', java.version: '25.0.2'
        Driver info: org.openqa.selenium.chrome.ChromeDriver
        Command: [1c2e7dc0f4127f68b4d3f51b6eb1b16c, sendKeysToElement {value=[Ljava.lang.CharSequence;@3e17a0a1, id=f.E5EEB0D8AA0FE59FB25C19E6086309D6.d.49425C7FDD1C4C605945327A3464021B.e.20}]
        Capabilities {acceptInsecureCerts: false, browserName: chrome, browserVersion: 147.0.7727.118, chrome: {chromedriverVersion: 147.0.7727.117 (474cc805edd..., userDataDir: C:\Users\User\AppData\Local...}, fedcm:accounts: true, goog:chromeOptions: {debuggerAddress: localhost:53377}, goog:processID: 14532, networkConnectionEnabled: false, pageLoadStrategy: normal, platformName: windows, proxy: Proxy(), se:cdp: ws://localhost:53377/devtoo..., se:cdpVersion: 147.0.7727.118, setWindowRect: true, strictFileInteractability: false, timeouts: {implicit: 0, pageLoad: 300000, script: 30000}, unhandledPromptBehavior: dismiss and notify, webauthn:extension:credBlob: true, webauthn:extension:largeBlob: true, webauthn:extension:minPinLength: true, webauthn:extension:prf: true, webauthn:virtualAuthenticators: true}
        Element: [[ChromeDriver: chrome on windows (1c2e7dc0f4127f68b4d3f51b6eb1b16c)] -> name: password]
        Session ID: 1c2e7dc0f4127f68b4d3f51b6eb1b16c
        	at java.base/jdk.internal.reflect.DirectConstructorHandleAccessor.newInstance(DirectConstructorHandleAccessor.java:62)
        	at java.base/java.lang.reflect.Constructor.newInstanceWithCaller(Constructor.java:499)
        	at java.base/java.lang.reflect.Constructor.newInstance(Constructor.java:483)
        	at org.openqa.selenium.remote.ErrorCodec.decode(ErrorCodec.java:167)
        	at org.openqa.selenium.remote.codec.w3c.W3CHttpResponseCodec.decode(W3CHttpResponseCodec.java:138)
        	at org.openqa.selenium.remote.codec.w3c.W3CHttpResponseCodec.decode(W3CHttpResponseCodec.java:50)
        	at org.openqa.selenium.remote.HttpCommandExecutor.execute(HttpCommandExecutor.java:190)
        	at org.openqa.selenium.remote.service.DriverCommandExecutor.invokeExecute(DriverCommandExecutor.java:216)
        	at org.openqa.selenium.remote.service.DriverCommandExecutor.execute(DriverCommandExecutor.java:174)
        	at org.openqa.selenium.remote.RemoteWebDriver.execute(RemoteWebDriver.java:518)
        	at org.openqa.selenium.remote.RemoteWebElement.execute(RemoteWebElement.java:223)
        	at org.openqa.selenium.remote.RemoteWebElement.sendKeys(RemoteWebElement.java:110)
        	at com.juaracoding.kelompok1.pages.DashboardPage.login(DashboardPage.java:37)
        	at com.juaracoding.kelompok1.steps.DashboardSteps.user_login_sebagai_admin(DashboardSteps.java:33)
        	at com.juaracoding.kelompok1.steps.DashboardSteps.user_di_dashboard(DashboardSteps.java:38)
        	at com.juaracoding.kelompok1.steps.DashboardSteps.user_sudah_menerapkan_filter(DashboardSteps.java:44)
        	at ?.User sudah menerapkan filter(file:///C:/Users/User/OneDrive/Dokumen/SQABatch27/Hadir-Quality-Assurance/src/main/resources/features/Dashboard.feature:34)
  ? When User klik tombol Reset             # com.juaracoding.kelompok1.steps.DashboardSteps.click_reset_button()
  ? Then Semua filter kembali ke default    # com.juaracoding.kelompok1.steps.DashboardSteps.verify_reset_to_default()
  ? And Data kembali seperti kondisi awal

Scenario: Verify reset without applying filter          # src/main/resources/features/Dashboard.feature:39
Apr 27, 2026 1:42:00 PM org.openqa.selenium.devtools.CdpVersionFinder 
findNearestMatch
WARNING: Unable to find CDP implementation matching 147
Apr 27, 2026 1:42:00 PM org.openqa.selenium.chromium.ChromiumDriver 
lambda$new$5
WARNING: Unable to find version of CDP to use for 147.0.7727.118. You may need 
to include a dependency on a specific version of the CDP using something 
similar to `org.seleniumhq.selenium:selenium-devtools-v86:4.21.0` where the 
version ("v86") matches the version of the chromium-based browser you're using 
and the version number of the artifact is the same as Selenium's.
  ? Given User berada di halaman Dashboard tanpa filter # com.juaracoding.kelompok1.steps.DashboardSteps.user_dashboard_tanpa_filter()
        org.openqa.selenium.ElementNotInteractableException: element not interactable
          (Session info: chrome=147.0.7727.118)
        Build info: version: '4.21.0', revision: '79ed462ef4'
        System info: os.name: 'Windows 11', os.arch: 'amd64', os.version: '10.0', java.version: '25.0.2'
        Driver info: org.openqa.selenium.chrome.ChromeDriver
        Command: [c9b4963ef19dd604411b6f9cbbaaffe9, sendKeysToElement {value=[Ljava.lang.CharSequence;@1fac1d5c, id=f.439C1631D846972E30102768BA4F7937.d.E722E8EE15AE2727703728C532C379BA.e.17}]
        Capabilities {acceptInsecureCerts: false, browserName: chrome, browserVersion: 147.0.7727.118, chrome: {chromedriverVersion: 147.0.7727.117 (474cc805edd..., userDataDir: C:\Users\User\AppData\Local...}, fedcm:accounts: true, goog:chromeOptions: {debuggerAddress: localhost:62503}, goog:processID: 16048, networkConnectionEnabled: false, pageLoadStrategy: normal, platformName: windows, proxy: Proxy(), se:cdp: ws://localhost:62503/devtoo..., se:cdpVersion: 147.0.7727.118, setWindowRect: true, strictFileInteractability: false, timeouts: {implicit: 0, pageLoad: 300000, script: 30000}, unhandledPromptBehavior: dismiss and notify, webauthn:extension:credBlob: true, webauthn:extension:largeBlob: true, webauthn:extension:minPinLength: true, webauthn:extension:prf: true, webauthn:virtualAuthenticators: true}
        Element: [[ChromeDriver: chrome on windows (c9b4963ef19dd604411b6f9cbbaaffe9)] -> name: password]
        Session ID: c9b4963ef19dd604411b6f9cbbaaffe9
        	at java.base/jdk.internal.reflect.DirectConstructorHandleAccessor.newInstance(DirectConstructorHandleAccessor.java:62)
        	at java.base/java.lang.reflect.Constructor.newInstanceWithCaller(Constructor.java:499)
        	at java.base/java.lang.reflect.Constructor.newInstance(Constructor.java:483)
        	at org.openqa.selenium.remote.ErrorCodec.decode(ErrorCodec.java:167)
        	at org.openqa.selenium.remote.codec.w3c.W3CHttpResponseCodec.decode(W3CHttpResponseCodec.java:138)
        	at org.openqa.selenium.remote.codec.w3c.W3CHttpResponseCodec.decode(W3CHttpResponseCodec.java:50)
        	at org.openqa.selenium.remote.HttpCommandExecutor.execute(HttpCommandExecutor.java:190)
        	at org.openqa.selenium.remote.service.DriverCommandExecutor.invokeExecute(DriverCommandExecutor.java:216)
        	at org.openqa.selenium.remote.service.DriverCommandExecutor.execute(DriverCommandExecutor.java:174)
        	at org.openqa.selenium.remote.RemoteWebDriver.execute(RemoteWebDriver.java:518)
        	at org.openqa.selenium.remote.RemoteWebElement.execute(RemoteWebElement.java:223)
        	at org.openqa.selenium.remote.RemoteWebElement.sendKeys(RemoteWebElement.java:110)
        	at com.juaracoding.kelompok1.pages.DashboardPage.login(DashboardPage.java:37)
        	at com.juaracoding.kelompok1.steps.DashboardSteps.user_login_sebagai_admin(DashboardSteps.java:33)
        	at com.juaracoding.kelompok1.steps.DashboardSteps.user_di_dashboard(DashboardSteps.java:38)
        	at com.juaracoding.kelompok1.steps.DashboardSteps.user_dashboard_tanpa_filter(DashboardSteps.java:80)
        	at ?.User berada di halaman Dashboard tanpa filter(file:///C:/Users/User/OneDrive/Dokumen/SQABatch27/Hadir-Quality-Assurance/src/main/resources/features/Dashboard.feature:40)
  ? When User klik tombol Reset                         # com.juaracoding.kelompok1.steps.DashboardSteps.click_reset_button()
  ? Then Tidak ada perubahan data                       # com.juaracoding.kelompok1.steps.DashboardSteps.tidak_ada_perubahan_data()
  ? And Sistem tidak menampilkan error                  # com.juaracoding.kelompok1.steps.DashboardSteps.sistem_tidak_menampilkan_error()

Scenario: Verify Dashboard menu navigation    # src/main/resources/features/Dashboard.feature:45
Apr 27, 2026 1:42:03 PM org.openqa.selenium.devtools.CdpVersionFinder 
findNearestMatch
WARNING: Unable to find CDP implementation matching 147
Apr 27, 2026 1:42:03 PM org.openqa.selenium.chromium.ChromiumDriver 
lambda$new$5
WARNING: Unable to find version of CDP to use for 147.0.7727.118. You may need 
to include a dependency on a specific version of the CDP using something 
similar to `org.seleniumhq.selenium:selenium-devtools-v86:4.21.0` where the 
version ("v86") matches the version of the chromium-based browser you're using 
and the version number of the artifact is the same as Selenium's.
  ? Given User login sebagai Admin            # com.juaracoding.kelompok1.steps.DashboardSteps.user_login_sebagai_admin()
        org.openqa.selenium.ElementNotInteractableException: element not interactable
          (Session info: chrome=147.0.7727.118)
        Build info: version: '4.21.0', revision: '79ed462ef4'
        System info: os.name: 'Windows 11', os.arch: 'amd64', os.version: '10.0', java.version: '25.0.2'
        Driver info: org.openqa.selenium.chrome.ChromeDriver
        Command: [db20d2ac0fe057dc983f25c2bac5d594, sendKeysToElement {value=[Ljava.lang.CharSequence;@26cb5207, id=f.63ED4D716FF73FFB913662FA64B7E1A3.d.CF2B90B0A97F0EE73FE24FBE6CBF95AD.e.20}]
        Capabilities {acceptInsecureCerts: false, browserName: chrome, browserVersion: 147.0.7727.118, chrome: {chromedriverVersion: 147.0.7727.117 (474cc805edd..., userDataDir: C:\Users\User\AppData\Local...}, fedcm:accounts: true, goog:chromeOptions: {debuggerAddress: localhost:51388}, goog:processID: 6560, networkConnectionEnabled: false, pageLoadStrategy: normal, platformName: windows, proxy: Proxy(), se:cdp: ws://localhost:51388/devtoo..., se:cdpVersion: 147.0.7727.118, setWindowRect: true, strictFileInteractability: false, timeouts: {implicit: 0, pageLoad: 300000, script: 30000}, unhandledPromptBehavior: dismiss and notify, webauthn:extension:credBlob: true, webauthn:extension:largeBlob: true, webauthn:extension:minPinLength: true, webauthn:extension:prf: true, webauthn:virtualAuthenticators: true}
        Element: [[ChromeDriver: chrome on windows (db20d2ac0fe057dc983f25c2bac5d594)] -> name: password]
        Session ID: db20d2ac0fe057dc983f25c2bac5d594
        	at java.base/jdk.internal.reflect.DirectConstructorHandleAccessor.newInstance(DirectConstructorHandleAccessor.java:62)
        	at java.base/java.lang.reflect.Constructor.newInstanceWithCaller(Constructor.java:499)
        	at java.base/java.lang.reflect.Constructor.newInstance(Constructor.java:483)
        	at org.openqa.selenium.remote.ErrorCodec.decode(ErrorCodec.java:167)
        	at org.openqa.selenium.remote.codec.w3c.W3CHttpResponseCodec.decode(W3CHttpResponseCodec.java:138)
        	at org.openqa.selenium.remote.codec.w3c.W3CHttpResponseCodec.decode(W3CHttpResponseCodec.java:50)
        	at org.openqa.selenium.remote.HttpCommandExecutor.execute(HttpCommandExecutor.java:190)
        	at org.openqa.selenium.remote.service.DriverCommandExecutor.invokeExecute(DriverCommandExecutor.java:216)
        	at org.openqa.selenium.remote.service.DriverCommandExecutor.execute(DriverCommandExecutor.java:174)
        	at org.openqa.selenium.remote.RemoteWebDriver.execute(RemoteWebDriver.java:518)
        	at org.openqa.selenium.remote.RemoteWebElement.execute(RemoteWebElement.java:223)
        	at org.openqa.selenium.remote.RemoteWebElement.sendKeys(RemoteWebElement.java:110)
        	at com.juaracoding.kelompok1.pages.DashboardPage.login(DashboardPage.java:37)
        	at com.juaracoding.kelompok1.steps.DashboardSteps.user_login_sebagai_admin(DashboardSteps.java:33)
        	at ?.User login sebagai Admin(file:///C:/Users/User/OneDrive/Dokumen/SQABatch27/Hadir-Quality-Assurance/src/main/resources/features/Dashboard.feature:46)
  ? When User klik menu "Dashboard"           # com.juaracoding.kelompok1.steps.DashboardSteps.klik_menu(java.lang.String)
  ? Then Halaman Dashboard ditampilkan        # com.juaracoding.kelompok1.steps.DashboardSteps.verify_dashboard_page()
  ? And Semua widget tampil dengan data valid # com.juaracoding.kelompok1.steps.DashboardSteps.verify_dashboard_widget()

Scenario: Verify Pending menu navigation with data condition # src/main/resources/features/Dashboard.feature:51
Apr 27, 2026 1:42:07 PM org.openqa.selenium.devtools.CdpVersionFinder 
findNearestMatch
WARNING: Unable to find CDP implementation matching 147
Apr 27, 2026 1:42:07 PM org.openqa.selenium.chromium.ChromiumDriver 
lambda$new$5
WARNING: Unable to find version of CDP to use for 147.0.7727.118. You may need 
to include a dependency on a specific version of the CDP using something 
similar to `org.seleniumhq.selenium:selenium-devtools-v86:4.21.0` where the 
version ("v86") matches the version of the chromium-based browser you're using 
and the version number of the artifact is the same as Selenium's.
  ? Given User login sebagai Admin                           # com.juaracoding.kelompok1.steps.DashboardSteps.user_login_sebagai_admin()
        org.openqa.selenium.ElementNotInteractableException: element not interactable
          (Session info: chrome=147.0.7727.118)
        Build info: version: '4.21.0', revision: '79ed462ef4'
        System info: os.name: 'Windows 11', os.arch: 'amd64', os.version: '10.0', java.version: '25.0.2'
        Driver info: org.openqa.selenium.chrome.ChromeDriver
        Command: [f0d3e3cf9d8ac973a30b273301a1c2ae, sendKeysToElement {value=[Ljava.lang.CharSequence;@574a89e2, id=f.023ADA26C2EF52D44D78B0FB22018528.d.9FD7E3A702724CD4861D53A48FE82DA0.e.20}]
        Capabilities {acceptInsecureCerts: false, browserName: chrome, browserVersion: 147.0.7727.118, chrome: {chromedriverVersion: 147.0.7727.117 (474cc805edd..., userDataDir: C:\Users\User\AppData\Local...}, fedcm:accounts: true, goog:chromeOptions: {debuggerAddress: localhost:55284}, goog:processID: 18000, networkConnectionEnabled: false, pageLoadStrategy: normal, platformName: windows, proxy: Proxy(), se:cdp: ws://localhost:55284/devtoo..., se:cdpVersion: 147.0.7727.118, setWindowRect: true, strictFileInteractability: false, timeouts: {implicit: 0, pageLoad: 300000, script: 30000}, unhandledPromptBehavior: dismiss and notify, webauthn:extension:credBlob: true, webauthn:extension:largeBlob: true, webauthn:extension:minPinLength: true, webauthn:extension:prf: true, webauthn:virtualAuthenticators: true}
        Element: [[ChromeDriver: chrome on windows (f0d3e3cf9d8ac973a30b273301a1c2ae)] -> name: password]
        Session ID: f0d3e3cf9d8ac973a30b273301a1c2ae
        	at java.base/jdk.internal.reflect.DirectConstructorHandleAccessor.newInstance(DirectConstructorHandleAccessor.java:62)
        	at java.base/java.lang.reflect.Constructor.newInstanceWithCaller(Constructor.java:499)
        	at java.base/java.lang.reflect.Constructor.newInstance(Constructor.java:483)
        	at org.openqa.selenium.remote.ErrorCodec.decode(ErrorCodec.java:167)
        	at org.openqa.selenium.remote.codec.w3c.W3CHttpResponseCodec.decode(W3CHttpResponseCodec.java:138)
        	at org.openqa.selenium.remote.codec.w3c.W3CHttpResponseCodec.decode(W3CHttpResponseCodec.java:50)
        	at org.openqa.selenium.remote.HttpCommandExecutor.execute(HttpCommandExecutor.java:190)
        	at org.openqa.selenium.remote.service.DriverCommandExecutor.invokeExecute(DriverCommandExecutor.java:216)
        	at org.openqa.selenium.remote.service.DriverCommandExecutor.execute(DriverCommandExecutor.java:174)
        	at org.openqa.selenium.remote.RemoteWebDriver.execute(RemoteWebDriver.java:518)
        	at org.openqa.selenium.remote.RemoteWebElement.execute(RemoteWebElement.java:223)
        	at org.openqa.selenium.remote.RemoteWebElement.sendKeys(RemoteWebElement.java:110)
        	at com.juaracoding.kelompok1.pages.DashboardPage.login(DashboardPage.java:37)
        	at com.juaracoding.kelompok1.steps.DashboardSteps.user_login_sebagai_admin(DashboardSteps.java:33)
        	at ?.User login sebagai Admin(file:///C:/Users/User/OneDrive/Dokumen/SQABatch27/Hadir-Quality-Assurance/src/main/resources/features/Dashboard.feature:52)
  ? When User klik menu "Pending"                            # com.juaracoding.kelompok1.steps.DashboardSteps.klik_menu(java.lang.String)
  ? Then Halaman Pending ditampilkan
  ? And Data pending ditampilkan jika tersedia
  ? And Sistem menampilkan empty state jika tidak ada data

Scenario: Verify redirect to detail page when clicking employee name # src/main/resources/features/Dashboard.feature:58
Apr 27, 2026 1:42:11 PM org.openqa.selenium.devtools.CdpVersionFinder 
findNearestMatch
WARNING: Unable to find CDP implementation matching 147
Apr 27, 2026 1:42:11 PM org.openqa.selenium.chromium.ChromiumDriver 
lambda$new$5
WARNING: Unable to find version of CDP to use for 147.0.7727.118. You may need 
to include a dependency on a specific version of the CDP using something 
similar to `org.seleniumhq.selenium:selenium-devtools-v86:4.21.0` where the 
version ("v86") matches the version of the chromium-based browser you're using 
and the version number of the artifact is the same as Selenium's.
  ? Given User berada di halaman Dashboard                           # com.juaracoding.kelompok1.steps.DashboardSteps.user_di_dashboard()
        org.openqa.selenium.ElementNotInteractableException: element not interactable
          (Session info: chrome=147.0.7727.118)
        Build info: version: '4.21.0', revision: '79ed462ef4'
        System info: os.name: 'Windows 11', os.arch: 'amd64', os.version: '10.0', java.version: '25.0.2'
        Driver info: org.openqa.selenium.chrome.ChromeDriver
        Command: [4962a76119e365eb28fbb7622941bf40, sendKeysToElement {value=[Ljava.lang.CharSequence;@4e682398, id=f.A96AF1A3193CEE50E1B501B0DEB5F72A.d.4C20990DF0C37CA22382BBD1014BEAF6.e.17}]
        Capabilities {acceptInsecureCerts: false, browserName: chrome, browserVersion: 147.0.7727.118, chrome: {chromedriverVersion: 147.0.7727.117 (474cc805edd..., userDataDir: C:\Users\User\AppData\Local...}, fedcm:accounts: true, goog:chromeOptions: {debuggerAddress: localhost:50906}, goog:processID: 20868, networkConnectionEnabled: false, pageLoadStrategy: normal, platformName: windows, proxy: Proxy(), se:cdp: ws://localhost:50906/devtoo..., se:cdpVersion: 147.0.7727.118, setWindowRect: true, strictFileInteractability: false, timeouts: {implicit: 0, pageLoad: 300000, script: 30000}, unhandledPromptBehavior: dismiss and notify, webauthn:extension:credBlob: true, webauthn:extension:largeBlob: true, webauthn:extension:minPinLength: true, webauthn:extension:prf: true, webauthn:virtualAuthenticators: true}
        Element: [[ChromeDriver: chrome on windows (4962a76119e365eb28fbb7622941bf40)] -> name: password]
        Session ID: 4962a76119e365eb28fbb7622941bf40
        	at java.base/jdk.internal.reflect.DirectConstructorHandleAccessor.newInstance(DirectConstructorHandleAccessor.java:62)
        	at java.base/java.lang.reflect.Constructor.newInstanceWithCaller(Constructor.java:499)
        	at java.base/java.lang.reflect.Constructor.newInstance(Constructor.java:483)
        	at org.openqa.selenium.remote.ErrorCodec.decode(ErrorCodec.java:167)
        	at org.openqa.selenium.remote.codec.w3c.W3CHttpResponseCodec.decode(W3CHttpResponseCodec.java:138)
        	at org.openqa.selenium.remote.codec.w3c.W3CHttpResponseCodec.decode(W3CHttpResponseCodec.java:50)
        	at org.openqa.selenium.remote.HttpCommandExecutor.execute(HttpCommandExecutor.java:190)
        	at org.openqa.selenium.remote.service.DriverCommandExecutor.invokeExecute(DriverCommandExecutor.java:216)
        	at org.openqa.selenium.remote.service.DriverCommandExecutor.execute(DriverCommandExecutor.java:174)
        	at org.openqa.selenium.remote.RemoteWebDriver.execute(RemoteWebDriver.java:518)
        	at org.openqa.selenium.remote.RemoteWebElement.execute(RemoteWebElement.java:223)
        	at org.openqa.selenium.remote.RemoteWebElement.sendKeys(RemoteWebElement.java:110)
        	at com.juaracoding.kelompok1.pages.DashboardPage.login(DashboardPage.java:37)
        	at com.juaracoding.kelompok1.steps.DashboardSteps.user_login_sebagai_admin(DashboardSteps.java:33)
        	at com.juaracoding.kelompok1.steps.DashboardSteps.user_di_dashboard(DashboardSteps.java:38)
        	at ?.User berada di halaman Dashboard(file:///C:/Users/User/OneDrive/Dokumen/SQABatch27/Hadir-Quality-Assurance/src/main/resources/features/Dashboard.feature:59)
  ? When User klik nama karyawan "Hadir SQA Testing 2"
  ? Then User diarahkan ke halaman detail karyawan
  ? And Nama karyawan sesuai dengan yang diklik
  ? And Data detail ditampilkan dengan benar

Scenario: Verify error when detail page fails to load # src/main/resources/features/Dashboard.feature:65
Apr 27, 2026 1:42:14 PM org.openqa.selenium.devtools.CdpVersionFinder 
findNearestMatch
WARNING: Unable to find CDP implementation matching 147
Apr 27, 2026 1:42:14 PM org.openqa.selenium.chromium.ChromiumDriver 
lambda$new$5
WARNING: Unable to find version of CDP to use for 147.0.7727.118. You may need 
to include a dependency on a specific version of the CDP using something 
similar to `org.seleniumhq.selenium:selenium-devtools-v86:4.21.0` where the 
version ("v86") matches the version of the chromium-based browser you're using 
and the version number of the artifact is the same as Selenium's.
  ? Given User berada di halaman Dashboard            # com.juaracoding.kelompok1.steps.DashboardSteps.user_di_dashboard()
        org.openqa.selenium.ElementNotInteractableException: element not interactable
          (Session info: chrome=147.0.7727.118)
        Build info: version: '4.21.0', revision: '79ed462ef4'
        System info: os.name: 'Windows 11', os.arch: 'amd64', os.version: '10.0', java.version: '25.0.2'
        Driver info: org.openqa.selenium.chrome.ChromeDriver
        Command: [ed99765fa1c0bb6dbcededb6a2266144, sendKeysToElement {value=[Ljava.lang.CharSequence;@330c1f61, id=f.A13DC1123B2C5F418BF20A50FEFDCE50.d.AF76F9CD4F931699B3774803E196DDBD.e.17}]
        Capabilities {acceptInsecureCerts: false, browserName: chrome, browserVersion: 147.0.7727.118, chrome: {chromedriverVersion: 147.0.7727.117 (474cc805edd..., userDataDir: C:\Users\User\AppData\Local...}, fedcm:accounts: true, goog:chromeOptions: {debuggerAddress: localhost:53473}, goog:processID: 10876, networkConnectionEnabled: false, pageLoadStrategy: normal, platformName: windows, proxy: Proxy(), se:cdp: ws://localhost:53473/devtoo..., se:cdpVersion: 147.0.7727.118, setWindowRect: true, strictFileInteractability: false, timeouts: {implicit: 0, pageLoad: 300000, script: 30000}, unhandledPromptBehavior: dismiss and notify, webauthn:extension:credBlob: true, webauthn:extension:largeBlob: true, webauthn:extension:minPinLength: true, webauthn:extension:prf: true, webauthn:virtualAuthenticators: true}
        Element: [[ChromeDriver: chrome on windows (ed99765fa1c0bb6dbcededb6a2266144)] -> name: password]
        Session ID: ed99765fa1c0bb6dbcededb6a2266144
        	at java.base/jdk.internal.reflect.DirectConstructorHandleAccessor.newInstance(DirectConstructorHandleAccessor.java:62)
        	at java.base/java.lang.reflect.Constructor.newInstanceWithCaller(Constructor.java:499)
        	at java.base/java.lang.reflect.Constructor.newInstance(Constructor.java:483)
        	at org.openqa.selenium.remote.ErrorCodec.decode(ErrorCodec.java:167)
        	at org.openqa.selenium.remote.codec.w3c.W3CHttpResponseCodec.decode(W3CHttpResponseCodec.java:138)
        	at org.openqa.selenium.remote.codec.w3c.W3CHttpResponseCodec.decode(W3CHttpResponseCodec.java:50)
        	at org.openqa.selenium.remote.HttpCommandExecutor.execute(HttpCommandExecutor.java:190)
        	at org.openqa.selenium.remote.service.DriverCommandExecutor.invokeExecute(DriverCommandExecutor.java:216)
        	at org.openqa.selenium.remote.service.DriverCommandExecutor.execute(DriverCommandExecutor.java:174)
        	at org.openqa.selenium.remote.RemoteWebDriver.execute(RemoteWebDriver.java:518)
        	at org.openqa.selenium.remote.RemoteWebElement.execute(RemoteWebElement.java:223)
        	at org.openqa.selenium.remote.RemoteWebElement.sendKeys(RemoteWebElement.java:110)
        	at com.juaracoding.kelompok1.pages.DashboardPage.login(DashboardPage.java:37)
        	at com.juaracoding.kelompok1.steps.DashboardSteps.user_login_sebagai_admin(DashboardSteps.java:33)
        	at com.juaracoding.kelompok1.steps.DashboardSteps.user_di_dashboard(DashboardSteps.java:38)
        	at ?.User berada di halaman Dashboard(file:///C:/Users/User/OneDrive/Dokumen/SQABatch27/Hadir-Quality-Assurance/src/main/resources/features/Dashboard.feature:66)
  ? When User klik nama karyawan
  ? And Data gagal dimuat
  ? Then Sistem menampilkan error message

Scenario: Successful login with valid credentials             # src/main/resources/features/Login.feature:2
Apr 27, 2026 1:42:18 PM org.openqa.selenium.devtools.CdpVersionFinder 
findNearestMatch
WARNING: Unable to find CDP implementation matching 147
Apr 27, 2026 1:42:18 PM org.openqa.selenium.chromium.ChromiumDriver 
lambda$new$5
WARNING: Unable to find version of CDP to use for 147.0.7727.118. You may need 
to include a dependency on a specific version of the CDP using something 
similar to `org.seleniumhq.selenium:selenium-devtools-v86:4.21.0` where the 
version ("v86") matches the version of the chromium-based browser you're using 
and the version number of the artifact is the same as Selenium's.
  ? Given the user is on the login page                       # com.juaracoding.kelompok1.steps.LoginSteps.user_on_login_page()
  ? When the user enters valid username and password          # com.juaracoding.kelompok1.steps.LoginSteps.input_valid_credentials()
        org.openqa.selenium.ElementNotInteractableException: element not interactable
          (Session info: chrome=147.0.7727.118)
        Build info: version: '4.21.0', revision: '79ed462ef4'
        System info: os.name: 'Windows 11', os.arch: 'amd64', os.version: '10.0', java.version: '25.0.2'
        Driver info: org.openqa.selenium.chrome.ChromeDriver
        Command: [009a5571c846e0b742d8a29e825ec5a2, sendKeysToElement {value=[Ljava.lang.CharSequence;@1d6d1d42, id=f.D4ADBF2B31AF37CAB95A1F818F3FEB67.d.A5E9A825B39BAB01390540D671FD0B34.e.19}]
        Capabilities {acceptInsecureCerts: false, browserName: chrome, browserVersion: 147.0.7727.118, chrome: {chromedriverVersion: 147.0.7727.117 (474cc805edd..., userDataDir: C:\Users\User\AppData\Local...}, fedcm:accounts: true, goog:chromeOptions: {debuggerAddress: localhost:59569}, goog:processID: 16000, networkConnectionEnabled: false, pageLoadStrategy: normal, platformName: windows, proxy: Proxy(), se:cdp: ws://localhost:59569/devtoo..., se:cdpVersion: 147.0.7727.118, setWindowRect: true, strictFileInteractability: false, timeouts: {implicit: 0, pageLoad: 300000, script: 30000}, unhandledPromptBehavior: dismiss and notify, webauthn:extension:credBlob: true, webauthn:extension:largeBlob: true, webauthn:extension:minPinLength: true, webauthn:extension:prf: true, webauthn:virtualAuthenticators: true}
        Element: [[ChromeDriver: chrome on windows (009a5571c846e0b742d8a29e825ec5a2)] -> name: password]
        Session ID: 009a5571c846e0b742d8a29e825ec5a2
        	at java.base/jdk.internal.reflect.DirectConstructorHandleAccessor.newInstance(DirectConstructorHandleAccessor.java:62)
        	at java.base/java.lang.reflect.Constructor.newInstanceWithCaller(Constructor.java:499)
        	at java.base/java.lang.reflect.Constructor.newInstance(Constructor.java:483)
        	at org.openqa.selenium.remote.ErrorCodec.decode(ErrorCodec.java:167)
        	at org.openqa.selenium.remote.codec.w3c.W3CHttpResponseCodec.decode(W3CHttpResponseCodec.java:138)
        	at org.openqa.selenium.remote.codec.w3c.W3CHttpResponseCodec.decode(W3CHttpResponseCodec.java:50)
        	at org.openqa.selenium.remote.HttpCommandExecutor.execute(HttpCommandExecutor.java:190)
        	at org.openqa.selenium.remote.service.DriverCommandExecutor.invokeExecute(DriverCommandExecutor.java:216)
        	at org.openqa.selenium.remote.service.DriverCommandExecutor.execute(DriverCommandExecutor.java:174)
        	at org.openqa.selenium.remote.RemoteWebDriver.execute(RemoteWebDriver.java:518)
        	at org.openqa.selenium.remote.RemoteWebElement.execute(RemoteWebElement.java:223)
        	at org.openqa.selenium.remote.RemoteWebElement.sendKeys(RemoteWebElement.java:110)
        	at com.juaracoding.kelompok1.steps.LoginSteps.input_valid_credentials(LoginSteps.java:32)
        	at ?.the user enters valid username and password(file:///C:/Users/User/OneDrive/Dokumen/SQABatch27/Hadir-Quality-Assurance/src/main/resources/features/Login.feature:4)
  ? And clicks the login button                               # com.juaracoding.kelompok1.steps.LoginSteps.click_login_button()
  ? Then the user should be redirected to the inventory page  # com.juaracoding.kelompok1.steps.LoginSteps.verify_login_success()
  ? And the page header should display Products               # com.juaracoding.kelompok1.steps.LoginSteps.verify_header()
  ? And the user clicks the logout button                     # com.juaracoding.kelompok1.steps.LoginSteps.logout()
  ? Then the user should be redirected back to the login page # com.juaracoding.kelompok1.steps.LoginSteps.verify_logout()

Scenario: Login failure with incorrect credentials   # src/main/resources/features/Login.feature:11
Apr 27, 2026 1:42:21 PM org.openqa.selenium.devtools.CdpVersionFinder 
findNearestMatch
WARNING: Unable to find CDP implementation matching 147
Apr 27, 2026 1:42:21 PM org.openqa.selenium.chromium.ChromiumDriver 
lambda$new$5
WARNING: Unable to find version of CDP to use for 147.0.7727.118. You may need 
to include a dependency on a specific version of the CDP using something 
similar to `org.seleniumhq.selenium:selenium-devtools-v86:4.21.0` where the 
version ("v86") matches the version of the chromium-based browser you're using 
and the version number of the artifact is the same as Selenium's.
  ? Given the user is on the login page              # com.juaracoding.kelompok1.steps.LoginSteps.user_on_login_page()
  ? When the user enters wrong username and password # com.juaracoding.kelompok1.steps.LoginSteps.input_invalid_credentials()
        org.openqa.selenium.ElementNotInteractableException: element not interactable
          (Session info: chrome=147.0.7727.118)
        Build info: version: '4.21.0', revision: '79ed462ef4'
        System info: os.name: 'Windows 11', os.arch: 'amd64', os.version: '10.0', java.version: '25.0.2'
        Driver info: org.openqa.selenium.chrome.ChromeDriver
        Command: [988783ba357f17ae86d873647c1eacc9, sendKeysToElement {value=[Ljava.lang.CharSequence;@1a1cc163, id=f.16BCFEE4DB34DE0859664C2BF7BA0A2F.d.B6E01989A09D2074272498A2E5853C0E.e.17}]
        Capabilities {acceptInsecureCerts: false, browserName: chrome, browserVersion: 147.0.7727.118, chrome: {chromedriverVersion: 147.0.7727.117 (474cc805edd..., userDataDir: C:\Users\User\AppData\Local...}, fedcm:accounts: true, goog:chromeOptions: {debuggerAddress: localhost:54132}, goog:processID: 2760, networkConnectionEnabled: false, pageLoadStrategy: normal, platformName: windows, proxy: Proxy(), se:cdp: ws://localhost:54132/devtoo..., se:cdpVersion: 147.0.7727.118, setWindowRect: true, strictFileInteractability: false, timeouts: {implicit: 0, pageLoad: 300000, script: 30000}, unhandledPromptBehavior: dismiss and notify, webauthn:extension:credBlob: true, webauthn:extension:largeBlob: true, webauthn:extension:minPinLength: true, webauthn:extension:prf: true, webauthn:virtualAuthenticators: true}
        Element: [[ChromeDriver: chrome on windows (988783ba357f17ae86d873647c1eacc9)] -> name: password]
        Session ID: 988783ba357f17ae86d873647c1eacc9
        	at java.base/jdk.internal.reflect.DirectConstructorHandleAccessor.newInstance(DirectConstructorHandleAccessor.java:62)
        	at java.base/java.lang.reflect.Constructor.newInstanceWithCaller(Constructor.java:499)
        	at java.base/java.lang.reflect.Constructor.newInstance(Constructor.java:483)
        	at org.openqa.selenium.remote.ErrorCodec.decode(ErrorCodec.java:167)
        	at org.openqa.selenium.remote.codec.w3c.W3CHttpResponseCodec.decode(W3CHttpResponseCodec.java:138)
        	at org.openqa.selenium.remote.codec.w3c.W3CHttpResponseCodec.decode(W3CHttpResponseCodec.java:50)
        	at org.openqa.selenium.remote.HttpCommandExecutor.execute(HttpCommandExecutor.java:190)
        	at org.openqa.selenium.remote.service.DriverCommandExecutor.invokeExecute(DriverCommandExecutor.java:216)
        	at org.openqa.selenium.remote.service.DriverCommandExecutor.execute(DriverCommandExecutor.java:174)
        	at org.openqa.selenium.remote.RemoteWebDriver.execute(RemoteWebDriver.java:518)
        	at org.openqa.selenium.remote.RemoteWebElement.execute(RemoteWebElement.java:223)
        	at org.openqa.selenium.remote.RemoteWebElement.sendKeys(RemoteWebElement.java:110)
        	at com.juaracoding.kelompok1.steps.LoginSteps.input_invalid_credentials(LoginSteps.java:38)
        	at ?.the user enters wrong username and password(file:///C:/Users/User/OneDrive/Dokumen/SQABatch27/Hadir-Quality-Assurance/src/main/resources/features/Login.feature:13)
  ? And clicks the login button                      # com.juaracoding.kelompok1.steps.LoginSteps.click_login_button()
  ? Then the user should see an error message        # com.juaracoding.kelompok1.steps.LoginSteps.verify_error_message()
[ERROR] Tests run: 12, Failures: 12, Errors: 0, Skipped: 0, Time elapsed: 50.063 s <<< FAILURE! - in com.juaracoding.kelompok1.TestRunner
[ERROR] com.juaracoding.kelompok1.TestRunner.runScenario["Verify dashboard widgets visibility", "SauceDemo Dashboard Functionality"](1)  Time elapsed: 4.254 s  <<< FAILURE!
org.openqa.selenium.ElementNotInteractableException: 
element not interactable
  (Session info: chrome=147.0.7727.118)
Build info: version: '4.21.0', revision: '79ed462ef4'
System info: os.name: 'Windows 11', os.arch: 'amd64', os.version: '10.0', java.version: '25.0.2'
Driver info: org.openqa.selenium.chrome.ChromeDriver
Command: [98e949049589b5e811d299533d389803, sendKeysToElement {value=[Ljava.lang.CharSequence;@1eaf1e62, id=f.7B613FD8117686E3DBD67A475FFE4CDD.d.6685ED23E3DD87A238B7A048A53ACBEF.e.17}]
Capabilities {acceptInsecureCerts: false, browserName: chrome, browserVersion: 147.0.7727.118, chrome: {chromedriverVersion: 147.0.7727.117 (474cc805edd..., userDataDir: C:\Users\User\AppData\Local...}, fedcm:accounts: true, goog:chromeOptions: {debuggerAddress: localhost:59575}, goog:processID: 22220, networkConnectionEnabled: false, pageLoadStrategy: normal, platformName: windows, proxy: Proxy(), se:cdp: ws://localhost:59575/devtoo..., se:cdpVersion: 147.0.7727.118, setWindowRect: true, strictFileInteractability: false, timeouts: {implicit: 0, pageLoad: 300000, script: 30000}, unhandledPromptBehavior: dismiss and notify, webauthn:extension:credBlob: true, webauthn:extension:largeBlob: true, webauthn:extension:minPinLength: true, webauthn:extension:prf: true, webauthn:virtualAuthenticators: true}
Element: [[ChromeDriver: chrome on windows (98e949049589b5e811d299533d389803)] -> name: password]
Session ID: 98e949049589b5e811d299533d389803
	at java.base/jdk.internal.reflect.DirectConstructorHandleAccessor.newInstance(DirectConstructorHandleAccessor.java:62)
	at java.base/java.lang.reflect.Constructor.newInstanceWithCaller(Constructor.java:499)
	at java.base/java.lang.reflect.Constructor.newInstance(Constructor.java:483)
	at org.openqa.selenium.remote.ErrorCodec.decode(ErrorCodec.java:167)
	at org.openqa.selenium.remote.codec.w3c.W3CHttpResponseCodec.decode(W3CHttpResponseCodec.java:138)
	at org.openqa.selenium.remote.codec.w3c.W3CHttpResponseCodec.decode(W3CHttpResponseCodec.java:50)
	at org.openqa.selenium.remote.HttpCommandExecutor.execute(HttpCommandExecutor.java:190)
	at org.openqa.selenium.remote.service.DriverCommandExecutor.invokeExecute(DriverCommandExecutor.java:216)
	at org.openqa.selenium.remote.service.DriverCommandExecutor.execute(DriverCommandExecutor.java:174)
	at org.openqa.selenium.remote.RemoteWebDriver.execute(RemoteWebDriver.java:518)
	at org.openqa.selenium.remote.RemoteWebElement.execute(RemoteWebElement.java:223)
	at org.openqa.selenium.remote.RemoteWebElement.sendKeys(RemoteWebElement.java:110)
	at com.juaracoding.kelompok1.pages.DashboardPage.login(DashboardPage.java:37)
	at com.juaracoding.kelompok1.steps.DashboardSteps.user_login_sebagai_admin(DashboardSteps.java:33)
	at ?.User login sebagai Admin(file:///C:/Users/User/OneDrive/Dokumen/SQABatch27/Hadir-Quality-Assurance/src/main/resources/features/Dashboard.feature:7)

[ERROR] com.juaracoding.kelompok1.TestRunner.runScenario["Verify filter by valid date range", "SauceDemo Dashboard Functionality"](2)  Time elapsed: 4.66 s  <<< FAILURE!
org.openqa.selenium.ElementNotInteractableException: 
element not interactable
  (Session info: chrome=147.0.7727.118)
Build info: version: '4.21.0', revision: '79ed462ef4'
System info: os.name: 'Windows 11', os.arch: 'amd64', os.version: '10.0', java.version: '25.0.2'
Driver info: org.openqa.selenium.chrome.ChromeDriver
Command: [461fa063a0faa7a03ae105cfa8b4139c, sendKeysToElement {value=[Ljava.lang.CharSequence;@f3fcd59, id=f.63338C2FC9E5C6FBC2032AEEDD8A0741.d.0529B8E78459A8F4D2DE512962BF7B0D.e.16}]
Capabilities {acceptInsecureCerts: false, browserName: chrome, browserVersion: 147.0.7727.118, chrome: {chromedriverVersion: 147.0.7727.117 (474cc805edd..., userDataDir: C:\Users\User\AppData\Local...}, fedcm:accounts: true, goog:chromeOptions: {debuggerAddress: localhost:52059}, goog:processID: 22232, networkConnectionEnabled: false, pageLoadStrategy: normal, platformName: windows, proxy: Proxy(), se:cdp: ws://localhost:52059/devtoo..., se:cdpVersion: 147.0.7727.118, setWindowRect: true, strictFileInteractability: false, timeouts: {implicit: 0, pageLoad: 300000, script: 30000}, unhandledPromptBehavior: dismiss and notify, webauthn:extension:credBlob: true, webauthn:extension:largeBlob: true, webauthn:extension:minPinLength: true, webauthn:extension:prf: true, webauthn:virtualAuthenticators: true}
Element: [[ChromeDriver: chrome on windows (461fa063a0faa7a03ae105cfa8b4139c)] -> name: password]
Session ID: 461fa063a0faa7a03ae105cfa8b4139c
	at java.base/jdk.internal.reflect.DirectConstructorHandleAccessor.newInstance(DirectConstructorHandleAccessor.java:62)
	at java.base/java.lang.reflect.Constructor.newInstanceWithCaller(Constructor.java:499)
	at java.base/java.lang.reflect.Constructor.newInstance(Constructor.java:483)
	at org.openqa.selenium.remote.ErrorCodec.decode(ErrorCodec.java:167)
	at org.openqa.selenium.remote.codec.w3c.W3CHttpResponseCodec.decode(W3CHttpResponseCodec.java:138)
	at org.openqa.selenium.remote.codec.w3c.W3CHttpResponseCodec.decode(W3CHttpResponseCodec.java:50)
	at org.openqa.selenium.remote.HttpCommandExecutor.execute(HttpCommandExecutor.java:190)
	at org.openqa.selenium.remote.service.DriverCommandExecutor.invokeExecute(DriverCommandExecutor.java:216)
	at org.openqa.selenium.remote.service.DriverCommandExecutor.execute(DriverCommandExecutor.java:174)
	at org.openqa.selenium.remote.RemoteWebDriver.execute(RemoteWebDriver.java:518)
	at org.openqa.selenium.remote.RemoteWebElement.execute(RemoteWebElement.java:223)
	at org.openqa.selenium.remote.RemoteWebElement.sendKeys(RemoteWebElement.java:110)
	at com.juaracoding.kelompok1.pages.DashboardPage.login(DashboardPage.java:37)
	at com.juaracoding.kelompok1.steps.DashboardSteps.user_login_sebagai_admin(DashboardSteps.java:33)
	at com.juaracoding.kelompok1.steps.DashboardSteps.user_di_dashboard(DashboardSteps.java:38)
	at ?.User berada di halaman Dashboard(file:///C:/Users/User/OneDrive/Dokumen/SQABatch27/Hadir-Quality-Assurance/src/main/resources/features/Dashboard.feature:14)

[ERROR] com.juaracoding.kelompok1.TestRunner.runScenario["Verify filter with empty date input", "SauceDemo Dashboard Functionality"](3)  Time elapsed: 5.128 s  <<< FAILURE!
org.openqa.selenium.ElementNotInteractableException: 
element not interactable
  (Session info: chrome=147.0.7727.118)
Build info: version: '4.21.0', revision: '79ed462ef4'
System info: os.name: 'Windows 11', os.arch: 'amd64', os.version: '10.0', java.version: '25.0.2'
Driver info: org.openqa.selenium.chrome.ChromeDriver
Command: [c09a4c9f4c72ddb8a3ed2044c265b902, sendKeysToElement {value=[Ljava.lang.CharSequence;@4248e66b, id=f.2BFD6588E36EF4C99D202B64CF7E646A.d.D97BAC531FC44E54EA66771CDCAA01AB.e.17}]
Capabilities {acceptInsecureCerts: false, browserName: chrome, browserVersion: 147.0.7727.118, chrome: {chromedriverVersion: 147.0.7727.117 (474cc805edd..., userDataDir: C:\Users\User\AppData\Local...}, fedcm:accounts: true, goog:chromeOptions: {debuggerAddress: localhost:57250}, goog:processID: 2988, networkConnectionEnabled: false, pageLoadStrategy: normal, platformName: windows, proxy: Proxy(), se:cdp: ws://localhost:57250/devtoo..., se:cdpVersion: 147.0.7727.118, setWindowRect: true, strictFileInteractability: false, timeouts: {implicit: 0, pageLoad: 300000, script: 30000}, unhandledPromptBehavior: dismiss and notify, webauthn:extension:credBlob: true, webauthn:extension:largeBlob: true, webauthn:extension:minPinLength: true, webauthn:extension:prf: true, webauthn:virtualAuthenticators: true}
Element: [[ChromeDriver: chrome on windows (c09a4c9f4c72ddb8a3ed2044c265b902)] -> name: password]
Session ID: c09a4c9f4c72ddb8a3ed2044c265b902
	at java.base/jdk.internal.reflect.DirectConstructorHandleAccessor.newInstance(DirectConstructorHandleAccessor.java:62)
	at java.base/java.lang.reflect.Constructor.newInstanceWithCaller(Constructor.java:499)
	at java.base/java.lang.reflect.Constructor.newInstance(Constructor.java:483)
	at org.openqa.selenium.remote.ErrorCodec.decode(ErrorCodec.java:167)
	at org.openqa.selenium.remote.codec.w3c.W3CHttpResponseCodec.decode(W3CHttpResponseCodec.java:138)
	at org.openqa.selenium.remote.codec.w3c.W3CHttpResponseCodec.decode(W3CHttpResponseCodec.java:50)
	at org.openqa.selenium.remote.HttpCommandExecutor.execute(HttpCommandExecutor.java:190)
	at org.openqa.selenium.remote.service.DriverCommandExecutor.invokeExecute(DriverCommandExecutor.java:216)
	at org.openqa.selenium.remote.service.DriverCommandExecutor.execute(DriverCommandExecutor.java:174)
	at org.openqa.selenium.remote.RemoteWebDriver.execute(RemoteWebDriver.java:518)
	at org.openqa.selenium.remote.RemoteWebElement.execute(RemoteWebElement.java:223)
	at org.openqa.selenium.remote.RemoteWebElement.sendKeys(RemoteWebElement.java:110)
	at com.juaracoding.kelompok1.pages.DashboardPage.login(DashboardPage.java:37)
	at com.juaracoding.kelompok1.steps.DashboardSteps.user_login_sebagai_admin(DashboardSteps.java:33)
	at com.juaracoding.kelompok1.steps.DashboardSteps.user_di_dashboard(DashboardSteps.java:38)
	at ?.User berada di halaman Dashboard(file:///C:/Users/User/OneDrive/Dokumen/SQABatch27/Hadir-Quality-Assurance/src/main/resources/features/Dashboard.feature:21)

[ERROR] com.juaracoding.kelompok1.TestRunner.runScenario["Verify filter by valid unit", "SauceDemo Dashboard Functionality"](4)  Time elapsed: 4.591 s  <<< FAILURE!
org.openqa.selenium.ElementNotInteractableException: 
element not interactable
  (Session info: chrome=147.0.7727.118)
Build info: version: '4.21.0', revision: '79ed462ef4'
System info: os.name: 'Windows 11', os.arch: 'amd64', os.version: '10.0', java.version: '25.0.2'
Driver info: org.openqa.selenium.chrome.ChromeDriver
Command: [20014d39ad2bb7e65dfc5a2dc8503a42, sendKeysToElement {value=[Ljava.lang.CharSequence;@38b5f25, id=f.8FED8428ECBE4EA69A858B301F26F0D9.d.F9607973CCA06DE140F42E375834EDB9.e.17}]
Capabilities {acceptInsecureCerts: false, browserName: chrome, browserVersion: 147.0.7727.118, chrome: {chromedriverVersion: 147.0.7727.117 (474cc805edd..., userDataDir: C:\Users\User\AppData\Local...}, fedcm:accounts: true, goog:chromeOptions: {debuggerAddress: localhost:51553}, goog:processID: 12188, networkConnectionEnabled: false, pageLoadStrategy: normal, platformName: windows, proxy: Proxy(), se:cdp: ws://localhost:51553/devtoo..., se:cdpVersion: 147.0.7727.118, setWindowRect: true, strictFileInteractability: false, timeouts: {implicit: 0, pageLoad: 300000, script: 30000}, unhandledPromptBehavior: dismiss and notify, webauthn:extension:credBlob: true, webauthn:extension:largeBlob: true, webauthn:extension:minPinLength: true, webauthn:extension:prf: true, webauthn:virtualAuthenticators: true}
Element: [[ChromeDriver: chrome on windows (20014d39ad2bb7e65dfc5a2dc8503a42)] -> name: password]
Session ID: 20014d39ad2bb7e65dfc5a2dc8503a42
	at java.base/jdk.internal.reflect.DirectConstructorHandleAccessor.newInstance(DirectConstructorHandleAccessor.java:62)
	at java.base/java.lang.reflect.Constructor.newInstanceWithCaller(Constructor.java:499)
	at java.base/java.lang.reflect.Constructor.newInstance(Constructor.java:483)
	at org.openqa.selenium.remote.ErrorCodec.decode(ErrorCodec.java:167)
	at org.openqa.selenium.remote.codec.w3c.W3CHttpResponseCodec.decode(W3CHttpResponseCodec.java:138)
	at org.openqa.selenium.remote.codec.w3c.W3CHttpResponseCodec.decode(W3CHttpResponseCodec.java:50)
	at org.openqa.selenium.remote.HttpCommandExecutor.execute(HttpCommandExecutor.java:190)
	at org.openqa.selenium.remote.service.DriverCommandExecutor.invokeExecute(DriverCommandExecutor.java:216)
	at org.openqa.selenium.remote.service.DriverCommandExecutor.execute(DriverCommandExecutor.java:174)
	at org.openqa.selenium.remote.RemoteWebDriver.execute(RemoteWebDriver.java:518)
	at org.openqa.selenium.remote.RemoteWebElement.execute(RemoteWebElement.java:223)
	at org.openqa.selenium.remote.RemoteWebElement.sendKeys(RemoteWebElement.java:110)
	at com.juaracoding.kelompok1.pages.DashboardPage.login(DashboardPage.java:37)
	at com.juaracoding.kelompok1.steps.DashboardSteps.user_login_sebagai_admin(DashboardSteps.java:33)
	at com.juaracoding.kelompok1.steps.DashboardSteps.user_di_dashboard(DashboardSteps.java:38)
	at ?.User berada di halaman Dashboard(file:///C:/Users/User/OneDrive/Dokumen/SQABatch27/Hadir-Quality-Assurance/src/main/resources/features/Dashboard.feature:27)

[ERROR] com.juaracoding.kelompok1.TestRunner.runScenario["Verify reset filter functionality", "SauceDemo Dashboard Functionality"](5)  Time elapsed: 4.432 s  <<< FAILURE!
org.openqa.selenium.ElementNotInteractableException: 
element not interactable
  (Session info: chrome=147.0.7727.118)
Build info: version: '4.21.0', revision: '79ed462ef4'
System info: os.name: 'Windows 11', os.arch: 'amd64', os.version: '10.0', java.version: '25.0.2'
Driver info: org.openqa.selenium.chrome.ChromeDriver
Command: [1c2e7dc0f4127f68b4d3f51b6eb1b16c, sendKeysToElement {value=[Ljava.lang.CharSequence;@3e17a0a1, id=f.E5EEB0D8AA0FE59FB25C19E6086309D6.d.49425C7FDD1C4C605945327A3464021B.e.20}]
Capabilities {acceptInsecureCerts: false, browserName: chrome, browserVersion: 147.0.7727.118, chrome: {chromedriverVersion: 147.0.7727.117 (474cc805edd..., userDataDir: C:\Users\User\AppData\Local...}, fedcm:accounts: true, goog:chromeOptions: {debuggerAddress: localhost:53377}, goog:processID: 14532, networkConnectionEnabled: false, pageLoadStrategy: normal, platformName: windows, proxy: Proxy(), se:cdp: ws://localhost:53377/devtoo..., se:cdpVersion: 147.0.7727.118, setWindowRect: true, strictFileInteractability: false, timeouts: {implicit: 0, pageLoad: 300000, script: 30000}, unhandledPromptBehavior: dismiss and notify, webauthn:extension:credBlob: true, webauthn:extension:largeBlob: true, webauthn:extension:minPinLength: true, webauthn:extension:prf: true, webauthn:virtualAuthenticators: true}
Element: [[ChromeDriver: chrome on windows (1c2e7dc0f4127f68b4d3f51b6eb1b16c)] -> name: password]
Session ID: 1c2e7dc0f4127f68b4d3f51b6eb1b16c
	at java.base/jdk.internal.reflect.DirectConstructorHandleAccessor.newInstance(DirectConstructorHandleAccessor.java:62)
	at java.base/java.lang.reflect.Constructor.newInstanceWithCaller(Constructor.java:499)
	at java.base/java.lang.reflect.Constructor.newInstance(Constructor.java:483)
	at org.openqa.selenium.remote.ErrorCodec.decode(ErrorCodec.java:167)
	at org.openqa.selenium.remote.codec.w3c.W3CHttpResponseCodec.decode(W3CHttpResponseCodec.java:138)
	at org.openqa.selenium.remote.codec.w3c.W3CHttpResponseCodec.decode(W3CHttpResponseCodec.java:50)
	at org.openqa.selenium.remote.HttpCommandExecutor.execute(HttpCommandExecutor.java:190)
	at org.openqa.selenium.remote.service.DriverCommandExecutor.invokeExecute(DriverCommandExecutor.java:216)
	at org.openqa.selenium.remote.service.DriverCommandExecutor.execute(DriverCommandExecutor.java:174)
	at org.openqa.selenium.remote.RemoteWebDriver.execute(RemoteWebDriver.java:518)
	at org.openqa.selenium.remote.RemoteWebElement.execute(RemoteWebElement.java:223)
	at org.openqa.selenium.remote.RemoteWebElement.sendKeys(RemoteWebElement.java:110)
	at com.juaracoding.kelompok1.pages.DashboardPage.login(DashboardPage.java:37)
	at com.juaracoding.kelompok1.steps.DashboardSteps.user_login_sebagai_admin(DashboardSteps.java:33)
	at com.juaracoding.kelompok1.steps.DashboardSteps.user_di_dashboard(DashboardSteps.java:38)
	at com.juaracoding.kelompok1.steps.DashboardSteps.user_sudah_menerapkan_filter(DashboardSteps.java:44)
	at ?.User sudah menerapkan filter(file:///C:/Users/User/OneDrive/Dokumen/SQABatch27/Hadir-Quality-Assurance/src/main/resources/features/Dashboard.feature:34)

[ERROR] com.juaracoding.kelompok1.TestRunner.runScenario["Verify reset without applying filter", "SauceDemo Dashboard Functionality"](6)  Time elapsed: 4.083 s  <<< FAILURE!
org.openqa.selenium.ElementNotInteractableException: 
element not interactable
  (Session info: chrome=147.0.7727.118)
Build info: version: '4.21.0', revision: '79ed462ef4'
System info: os.name: 'Windows 11', os.arch: 'amd64', os.version: '10.0', java.version: '25.0.2'
Driver info: org.openqa.selenium.chrome.ChromeDriver
Command: [c9b4963ef19dd604411b6f9cbbaaffe9, sendKeysToElement {value=[Ljava.lang.CharSequence;@1fac1d5c, id=f.439C1631D846972E30102768BA4F7937.d.E722E8EE15AE2727703728C532C379BA.e.17}]
Capabilities {acceptInsecureCerts: false, browserName: chrome, browserVersion: 147.0.7727.118, chrome: {chromedriverVersion: 147.0.7727.117 (474cc805edd..., userDataDir: C:\Users\User\AppData\Local...}, fedcm:accounts: true, goog:chromeOptions: {debuggerAddress: localhost:62503}, goog:processID: 16048, networkConnectionEnabled: false, pageLoadStrategy: normal, platformName: windows, proxy: Proxy(), se:cdp: ws://localhost:62503/devtoo..., se:cdpVersion: 147.0.7727.118, setWindowRect: true, strictFileInteractability: false, timeouts: {implicit: 0, pageLoad: 300000, script: 30000}, unhandledPromptBehavior: dismiss and notify, webauthn:extension:credBlob: true, webauthn:extension:largeBlob: true, webauthn:extension:minPinLength: true, webauthn:extension:prf: true, webauthn:virtualAuthenticators: true}
Element: [[ChromeDriver: chrome on windows (c9b4963ef19dd604411b6f9cbbaaffe9)] -> name: password]
Session ID: c9b4963ef19dd604411b6f9cbbaaffe9
	at java.base/jdk.internal.reflect.DirectConstructorHandleAccessor.newInstance(DirectConstructorHandleAccessor.java:62)
	at java.base/java.lang.reflect.Constructor.newInstanceWithCaller(Constructor.java:499)
	at java.base/java.lang.reflect.Constructor.newInstance(Constructor.java:483)
	at org.openqa.selenium.remote.ErrorCodec.decode(ErrorCodec.java:167)
	at org.openqa.selenium.remote.codec.w3c.W3CHttpResponseCodec.decode(W3CHttpResponseCodec.java:138)
	at org.openqa.selenium.remote.codec.w3c.W3CHttpResponseCodec.decode(W3CHttpResponseCodec.java:50)
	at org.openqa.selenium.remote.HttpCommandExecutor.execute(HttpCommandExecutor.java:190)
	at org.openqa.selenium.remote.service.DriverCommandExecutor.invokeExecute(DriverCommandExecutor.java:216)
	at org.openqa.selenium.remote.service.DriverCommandExecutor.execute(DriverCommandExecutor.java:174)
	at org.openqa.selenium.remote.RemoteWebDriver.execute(RemoteWebDriver.java:518)
	at org.openqa.selenium.remote.RemoteWebElement.execute(RemoteWebElement.java:223)
	at org.openqa.selenium.remote.RemoteWebElement.sendKeys(RemoteWebElement.java:110)
	at com.juaracoding.kelompok1.pages.DashboardPage.login(DashboardPage.java:37)
	at com.juaracoding.kelompok1.steps.DashboardSteps.user_login_sebagai_admin(DashboardSteps.java:33)
	at com.juaracoding.kelompok1.steps.DashboardSteps.user_di_dashboard(DashboardSteps.java:38)
	at com.juaracoding.kelompok1.steps.DashboardSteps.user_dashboard_tanpa_filter(DashboardSteps.java:80)
	at ?.User berada di halaman Dashboard tanpa filter(file:///C:/Users/User/OneDrive/Dokumen/SQABatch27/Hadir-Quality-Assurance/src/main/resources/features/Dashboard.feature:40)

[ERROR] com.juaracoding.kelompok1.TestRunner.runScenario["Verify Dashboard menu navigation", "SauceDemo Dashboard Functionality"](7)  Time elapsed: 3.519 s  <<< FAILURE!
org.openqa.selenium.ElementNotInteractableException: 
element not interactable
  (Session info: chrome=147.0.7727.118)
Build info: version: '4.21.0', revision: '79ed462ef4'
System info: os.name: 'Windows 11', os.arch: 'amd64', os.version: '10.0', java.version: '25.0.2'
Driver info: org.openqa.selenium.chrome.ChromeDriver
Command: [db20d2ac0fe057dc983f25c2bac5d594, sendKeysToElement {value=[Ljava.lang.CharSequence;@26cb5207, id=f.63ED4D716FF73FFB913662FA64B7E1A3.d.CF2B90B0A97F0EE73FE24FBE6CBF95AD.e.20}]
Capabilities {acceptInsecureCerts: false, browserName: chrome, browserVersion: 147.0.7727.118, chrome: {chromedriverVersion: 147.0.7727.117 (474cc805edd..., userDataDir: C:\Users\User\AppData\Local...}, fedcm:accounts: true, goog:chromeOptions: {debuggerAddress: localhost:51388}, goog:processID: 6560, networkConnectionEnabled: false, pageLoadStrategy: normal, platformName: windows, proxy: Proxy(), se:cdp: ws://localhost:51388/devtoo..., se:cdpVersion: 147.0.7727.118, setWindowRect: true, strictFileInteractability: false, timeouts: {implicit: 0, pageLoad: 300000, script: 30000}, unhandledPromptBehavior: dismiss and notify, webauthn:extension:credBlob: true, webauthn:extension:largeBlob: true, webauthn:extension:minPinLength: true, webauthn:extension:prf: true, webauthn:virtualAuthenticators: true}
Element: [[ChromeDriver: chrome on windows (db20d2ac0fe057dc983f25c2bac5d594)] -> name: password]
Session ID: db20d2ac0fe057dc983f25c2bac5d594
	at java.base/jdk.internal.reflect.DirectConstructorHandleAccessor.newInstance(DirectConstructorHandleAccessor.java:62)
	at java.base/java.lang.reflect.Constructor.newInstanceWithCaller(Constructor.java:499)
	at java.base/java.lang.reflect.Constructor.newInstance(Constructor.java:483)
	at org.openqa.selenium.remote.ErrorCodec.decode(ErrorCodec.java:167)
	at org.openqa.selenium.remote.codec.w3c.W3CHttpResponseCodec.decode(W3CHttpResponseCodec.java:138)
	at org.openqa.selenium.remote.codec.w3c.W3CHttpResponseCodec.decode(W3CHttpResponseCodec.java:50)
	at org.openqa.selenium.remote.HttpCommandExecutor.execute(HttpCommandExecutor.java:190)
	at org.openqa.selenium.remote.service.DriverCommandExecutor.invokeExecute(DriverCommandExecutor.java:216)
	at org.openqa.selenium.remote.service.DriverCommandExecutor.execute(DriverCommandExecutor.java:174)
	at org.openqa.selenium.remote.RemoteWebDriver.execute(RemoteWebDriver.java:518)
	at org.openqa.selenium.remote.RemoteWebElement.execute(RemoteWebElement.java:223)
	at org.openqa.selenium.remote.RemoteWebElement.sendKeys(RemoteWebElement.java:110)
	at com.juaracoding.kelompok1.pages.DashboardPage.login(DashboardPage.java:37)
	at com.juaracoding.kelompok1.steps.DashboardSteps.user_login_sebagai_admin(DashboardSteps.java:33)
	at ?.User login sebagai Admin(file:///C:/Users/User/OneDrive/Dokumen/SQABatch27/Hadir-Quality-Assurance/src/main/resources/features/Dashboard.feature:46)

[ERROR] com.juaracoding.kelompok1.TestRunner.runScenario["Verify Pending menu navigation with data condition", "SauceDemo Dashboard Functionality"](8)  Time elapsed: 3.795 s  <<< FAILURE!
org.openqa.selenium.ElementNotInteractableException: 
element not interactable
  (Session info: chrome=147.0.7727.118)
Build info: version: '4.21.0', revision: '79ed462ef4'
System info: os.name: 'Windows 11', os.arch: 'amd64', os.version: '10.0', java.version: '25.0.2'
Driver info: org.openqa.selenium.chrome.ChromeDriver
Command: [f0d3e3cf9d8ac973a30b273301a1c2ae, sendKeysToElement {value=[Ljava.lang.CharSequence;@574a89e2, id=f.023ADA26C2EF52D44D78B0FB22018528.d.9FD7E3A702724CD4861D53A48FE82DA0.e.20}]
Capabilities {acceptInsecureCerts: false, browserName: chrome, browserVersion: 147.0.7727.118, chrome: {chromedriverVersion: 147.0.7727.117 (474cc805edd..., userDataDir: C:\Users\User\AppData\Local...}, fedcm:accounts: true, goog:chromeOptions: {debuggerAddress: localhost:55284}, goog:processID: 18000, networkConnectionEnabled: false, pageLoadStrategy: normal, platformName: windows, proxy: Proxy(), se:cdp: ws://localhost:55284/devtoo..., se:cdpVersion: 147.0.7727.118, setWindowRect: true, strictFileInteractability: false, timeouts: {implicit: 0, pageLoad: 300000, script: 30000}, unhandledPromptBehavior: dismiss and notify, webauthn:extension:credBlob: true, webauthn:extension:largeBlob: true, webauthn:extension:minPinLength: true, webauthn:extension:prf: true, webauthn:virtualAuthenticators: true}
Element: [[ChromeDriver: chrome on windows (f0d3e3cf9d8ac973a30b273301a1c2ae)] -> name: password]
Session ID: f0d3e3cf9d8ac973a30b273301a1c2ae
	at java.base/jdk.internal.reflect.DirectConstructorHandleAccessor.newInstance(DirectConstructorHandleAccessor.java:62)
	at java.base/java.lang.reflect.Constructor.newInstanceWithCaller(Constructor.java:499)
	at java.base/java.lang.reflect.Constructor.newInstance(Constructor.java:483)
	at org.openqa.selenium.remote.ErrorCodec.decode(ErrorCodec.java:167)
	at org.openqa.selenium.remote.codec.w3c.W3CHttpResponseCodec.decode(W3CHttpResponseCodec.java:138)
	at org.openqa.selenium.remote.codec.w3c.W3CHttpResponseCodec.decode(W3CHttpResponseCodec.java:50)
	at org.openqa.selenium.remote.HttpCommandExecutor.execute(HttpCommandExecutor.java:190)
	at org.openqa.selenium.remote.service.DriverCommandExecutor.invokeExecute(DriverCommandExecutor.java:216)
	at org.openqa.selenium.remote.service.DriverCommandExecutor.execute(DriverCommandExecutor.java:174)
	at org.openqa.selenium.remote.RemoteWebDriver.execute(RemoteWebDriver.java:518)
	at org.openqa.selenium.remote.RemoteWebElement.execute(RemoteWebElement.java:223)
	at org.openqa.selenium.remote.RemoteWebElement.sendKeys(RemoteWebElement.java:110)
	at com.juaracoding.kelompok1.pages.DashboardPage.login(DashboardPage.java:37)
	at com.juaracoding.kelompok1.steps.DashboardSteps.user_login_sebagai_admin(DashboardSteps.java:33)
	at ?.User login sebagai Admin(file:///C:/Users/User/OneDrive/Dokumen/SQABatch27/Hadir-Quality-Assurance/src/main/resources/features/Dashboard.feature:52)

[ERROR] com.juaracoding.kelompok1.TestRunner.runScenario["Verify redirect to detail page when clicking employee name", "SauceDemo Dashboard Functionality"](9)  Time elapsed: 3.8 s  <<< FAILURE!
org.openqa.selenium.ElementNotInteractableException: 
element not interactable
  (Session info: chrome=147.0.7727.118)
Build info: version: '4.21.0', revision: '79ed462ef4'
System info: os.name: 'Windows 11', os.arch: 'amd64', os.version: '10.0', java.version: '25.0.2'
Driver info: org.openqa.selenium.chrome.ChromeDriver
Command: [4962a76119e365eb28fbb7622941bf40, sendKeysToElement {value=[Ljava.lang.CharSequence;@4e682398, id=f.A96AF1A3193CEE50E1B501B0DEB5F72A.d.4C20990DF0C37CA22382BBD1014BEAF6.e.17}]
Capabilities {acceptInsecureCerts: false, browserName: chrome, browserVersion: 147.0.7727.118, chrome: {chromedriverVersion: 147.0.7727.117 (474cc805edd..., userDataDir: C:\Users\User\AppData\Local...}, fedcm:accounts: true, goog:chromeOptions: {debuggerAddress: localhost:50906}, goog:processID: 20868, networkConnectionEnabled: false, pageLoadStrategy: normal, platformName: windows, proxy: Proxy(), se:cdp: ws://localhost:50906/devtoo..., se:cdpVersion: 147.0.7727.118, setWindowRect: true, strictFileInteractability: false, timeouts: {implicit: 0, pageLoad: 300000, script: 30000}, unhandledPromptBehavior: dismiss and notify, webauthn:extension:credBlob: true, webauthn:extension:largeBlob: true, webauthn:extension:minPinLength: true, webauthn:extension:prf: true, webauthn:virtualAuthenticators: true}
Element: [[ChromeDriver: chrome on windows (4962a76119e365eb28fbb7622941bf40)] -> name: password]
Session ID: 4962a76119e365eb28fbb7622941bf40
	at java.base/jdk.internal.reflect.DirectConstructorHandleAccessor.newInstance(DirectConstructorHandleAccessor.java:62)
	at java.base/java.lang.reflect.Constructor.newInstanceWithCaller(Constructor.java:499)
	at java.base/java.lang.reflect.Constructor.newInstance(Constructor.java:483)
	at org.openqa.selenium.remote.ErrorCodec.decode(ErrorCodec.java:167)
	at org.openqa.selenium.remote.codec.w3c.W3CHttpResponseCodec.decode(W3CHttpResponseCodec.java:138)
	at org.openqa.selenium.remote.codec.w3c.W3CHttpResponseCodec.decode(W3CHttpResponseCodec.java:50)
	at org.openqa.selenium.remote.HttpCommandExecutor.execute(HttpCommandExecutor.java:190)
	at org.openqa.selenium.remote.service.DriverCommandExecutor.invokeExecute(DriverCommandExecutor.java:216)
	at org.openqa.selenium.remote.service.DriverCommandExecutor.execute(DriverCommandExecutor.java:174)
	at org.openqa.selenium.remote.RemoteWebDriver.execute(RemoteWebDriver.java:518)
	at org.openqa.selenium.remote.RemoteWebElement.execute(RemoteWebElement.java:223)
	at org.openqa.selenium.remote.RemoteWebElement.sendKeys(RemoteWebElement.java:110)
	at com.juaracoding.kelompok1.pages.DashboardPage.login(DashboardPage.java:37)
	at com.juaracoding.kelompok1.steps.DashboardSteps.user_login_sebagai_admin(DashboardSteps.java:33)
	at com.juaracoding.kelompok1.steps.DashboardSteps.user_di_dashboard(DashboardSteps.java:38)
	at ?.User berada di halaman Dashboard(file:///C:/Users/User/OneDrive/Dokumen/SQABatch27/Hadir-Quality-Assurance/src/main/resources/features/Dashboard.feature:59)

[ERROR] com.juaracoding.kelompok1.TestRunner.runScenario["Verify error when detail page fails to load", "SauceDemo Dashboard Functionality"](10)  Time elapsed: 3.381 s  <<< FAILURE!
org.openqa.selenium.ElementNotInteractableException: 
element not interactable
  (Session info: chrome=147.0.7727.118)
Build info: version: '4.21.0', revision: '79ed462ef4'
System info: os.name: 'Windows 11', os.arch: 'amd64', os.version: '10.0', java.version: '25.0.2'
Driver info: org.openqa.selenium.chrome.ChromeDriver
Command: [ed99765fa1c0bb6dbcededb6a2266144, sendKeysToElement {value=[Ljava.lang.CharSequence;@330c1f61, id=f.A13DC1123B2C5F418BF20A50FEFDCE50.d.AF76F9CD4F931699B3774803E196DDBD.e.17}]
Capabilities {acceptInsecureCerts: false, browserName: chrome, browserVersion: 147.0.7727.118, chrome: {chromedriverVersion: 147.0.7727.117 (474cc805edd..., userDataDir: C:\Users\User\AppData\Local...}, fedcm:accounts: true, goog:chromeOptions: {debuggerAddress: localhost:53473}, goog:processID: 10876, networkConnectionEnabled: false, pageLoadStrategy: normal, platformName: windows, proxy: Proxy(), se:cdp: ws://localhost:53473/devtoo..., se:cdpVersion: 147.0.7727.118, setWindowRect: true, strictFileInteractability: false, timeouts: {implicit: 0, pageLoad: 300000, script: 30000}, unhandledPromptBehavior: dismiss and notify, webauthn:extension:credBlob: true, webauthn:extension:largeBlob: true, webauthn:extension:minPinLength: true, webauthn:extension:prf: true, webauthn:virtualAuthenticators: true}
Element: [[ChromeDriver: chrome on windows (ed99765fa1c0bb6dbcededb6a2266144)] -> name: password]
Session ID: ed99765fa1c0bb6dbcededb6a2266144
	at java.base/jdk.internal.reflect.DirectConstructorHandleAccessor.newInstance(DirectConstructorHandleAccessor.java:62)
	at java.base/java.lang.reflect.Constructor.newInstanceWithCaller(Constructor.java:499)
	at java.base/java.lang.reflect.Constructor.newInstance(Constructor.java:483)
	at org.openqa.selenium.remote.ErrorCodec.decode(ErrorCodec.java:167)
	at org.openqa.selenium.remote.codec.w3c.W3CHttpResponseCodec.decode(W3CHttpResponseCodec.java:138)
	at org.openqa.selenium.remote.codec.w3c.W3CHttpResponseCodec.decode(W3CHttpResponseCodec.java:50)
	at org.openqa.selenium.remote.HttpCommandExecutor.execute(HttpCommandExecutor.java:190)
	at org.openqa.selenium.remote.service.DriverCommandExecutor.invokeExecute(DriverCommandExecutor.java:216)
	at org.openqa.selenium.remote.service.DriverCommandExecutor.execute(DriverCommandExecutor.java:174)
	at org.openqa.selenium.remote.RemoteWebDriver.execute(RemoteWebDriver.java:518)
	at org.openqa.selenium.remote.RemoteWebElement.execute(RemoteWebElement.java:223)
	at org.openqa.selenium.remote.RemoteWebElement.sendKeys(RemoteWebElement.java:110)
	at com.juaracoding.kelompok1.pages.DashboardPage.login(DashboardPage.java:37)
	at com.juaracoding.kelompok1.steps.DashboardSteps.user_login_sebagai_admin(DashboardSteps.java:33)
	at com.juaracoding.kelompok1.steps.DashboardSteps.user_di_dashboard(DashboardSteps.java:38)
	at ?.User berada di halaman Dashboard(file:///C:/Users/User/OneDrive/Dokumen/SQABatch27/Hadir-Quality-Assurance/src/main/resources/features/Dashboard.feature:66)

[ERROR] com.juaracoding.kelompok1.TestRunner.runScenario["Successful login with valid credentials", "SauceDemo Login Functionality"](11)  Time elapsed: 3.44 s  <<< FAILURE!
org.openqa.selenium.ElementNotInteractableException: 
element not interactable
  (Session info: chrome=147.0.7727.118)
Build info: version: '4.21.0', revision: '79ed462ef4'
System info: os.name: 'Windows 11', os.arch: 'amd64', os.version: '10.0', java.version: '25.0.2'
Driver info: org.openqa.selenium.chrome.ChromeDriver
Command: [009a5571c846e0b742d8a29e825ec5a2, sendKeysToElement {value=[Ljava.lang.CharSequence;@1d6d1d42, id=f.D4ADBF2B31AF37CAB95A1F818F3FEB67.d.A5E9A825B39BAB01390540D671FD0B34.e.19}]
Capabilities {acceptInsecureCerts: false, browserName: chrome, browserVersion: 147.0.7727.118, chrome: {chromedriverVersion: 147.0.7727.117 (474cc805edd..., userDataDir: C:\Users\User\AppData\Local...}, fedcm:accounts: true, goog:chromeOptions: {debuggerAddress: localhost:59569}, goog:processID: 16000, networkConnectionEnabled: false, pageLoadStrategy: normal, platformName: windows, proxy: Proxy(), se:cdp: ws://localhost:59569/devtoo..., se:cdpVersion: 147.0.7727.118, setWindowRect: true, strictFileInteractability: false, timeouts: {implicit: 0, pageLoad: 300000, script: 30000}, unhandledPromptBehavior: dismiss and notify, webauthn:extension:credBlob: true, webauthn:extension:largeBlob: true, webauthn:extension:minPinLength: true, webauthn:extension:prf: true, webauthn:virtualAuthenticators: true}
Element: [[ChromeDriver: chrome on windows (009a5571c846e0b742d8a29e825ec5a2)] -> name: password]
Session ID: 009a5571c846e0b742d8a29e825ec5a2
	at java.base/jdk.internal.reflect.DirectConstructorHandleAccessor.newInstance(DirectConstructorHandleAccessor.java:62)
	at java.base/java.lang.reflect.Constructor.newInstanceWithCaller(Constructor.java:499)
	at java.base/java.lang.reflect.Constructor.newInstance(Constructor.java:483)
	at org.openqa.selenium.remote.ErrorCodec.decode(ErrorCodec.java:167)
	at org.openqa.selenium.remote.codec.w3c.W3CHttpResponseCodec.decode(W3CHttpResponseCodec.java:138)
	at org.openqa.selenium.remote.codec.w3c.W3CHttpResponseCodec.decode(W3CHttpResponseCodec.java:50)
	at org.openqa.selenium.remote.HttpCommandExecutor.execute(HttpCommandExecutor.java:190)
	at org.openqa.selenium.remote.service.DriverCommandExecutor.invokeExecute(DriverCommandExecutor.java:216)
	at org.openqa.selenium.remote.service.DriverCommandExecutor.execute(DriverCommandExecutor.java:174)
	at org.openqa.selenium.remote.RemoteWebDriver.execute(RemoteWebDriver.java:518)
	at org.openqa.selenium.remote.RemoteWebElement.execute(RemoteWebElement.java:223)
	at org.openqa.selenium.remote.RemoteWebElement.sendKeys(RemoteWebElement.java:110)
	at com.juaracoding.kelompok1.steps.LoginSteps.input_valid_credentials(LoginSteps.java:32)
	at ?.the user enters valid username and password(file:///C:/Users/User/OneDrive/Dokumen/SQABatch27/Hadir-Quality-Assurance/src/main/resources/features/Login.feature:4)

[ERROR] com.juaracoding.kelompok1.TestRunner.runScenario["Login failure with incorrect credentials", "SauceDemo Login Functionality"](12)  Time elapsed: 3.529 s  <<< FAILURE!
org.openqa.selenium.ElementNotInteractableException: 
element not interactable
  (Session info: chrome=147.0.7727.118)
Build info: version: '4.21.0', revision: '79ed462ef4'
System info: os.name: 'Windows 11', os.arch: 'amd64', os.version: '10.0', java.version: '25.0.2'
Driver info: org.openqa.selenium.chrome.ChromeDriver
Command: [988783ba357f17ae86d873647c1eacc9, sendKeysToElement {value=[Ljava.lang.CharSequence;@1a1cc163, id=f.16BCFEE4DB34DE0859664C2BF7BA0A2F.d.B6E01989A09D2074272498A2E5853C0E.e.17}]
Capabilities {acceptInsecureCerts: false, browserName: chrome, browserVersion: 147.0.7727.118, chrome: {chromedriverVersion: 147.0.7727.117 (474cc805edd..., userDataDir: C:\Users\User\AppData\Local...}, fedcm:accounts: true, goog:chromeOptions: {debuggerAddress: localhost:54132}, goog:processID: 2760, networkConnectionEnabled: false, pageLoadStrategy: normal, platformName: windows, proxy: Proxy(), se:cdp: ws://localhost:54132/devtoo..., se:cdpVersion: 147.0.7727.118, setWindowRect: true, strictFileInteractability: false, timeouts: {implicit: 0, pageLoad: 300000, script: 30000}, unhandledPromptBehavior: dismiss and notify, webauthn:extension:credBlob: true, webauthn:extension:largeBlob: true, webauthn:extension:minPinLength: true, webauthn:extension:prf: true, webauthn:virtualAuthenticators: true}
Element: [[ChromeDriver: chrome on windows (988783ba357f17ae86d873647c1eacc9)] -> name: password]
Session ID: 988783ba357f17ae86d873647c1eacc9
	at java.base/jdk.internal.reflect.DirectConstructorHandleAccessor.newInstance(DirectConstructorHandleAccessor.java:62)
	at java.base/java.lang.reflect.Constructor.newInstanceWithCaller(Constructor.java:499)
	at java.base/java.lang.reflect.Constructor.newInstance(Constructor.java:483)
	at org.openqa.selenium.remote.ErrorCodec.decode(ErrorCodec.java:167)
	at org.openqa.selenium.remote.codec.w3c.W3CHttpResponseCodec.decode(W3CHttpResponseCodec.java:138)
	at org.openqa.selenium.remote.codec.w3c.W3CHttpResponseCodec.decode(W3CHttpResponseCodec.java:50)
	at org.openqa.selenium.remote.HttpCommandExecutor.execute(HttpCommandExecutor.java:190)
	at org.openqa.selenium.remote.service.DriverCommandExecutor.invokeExecute(DriverCommandExecutor.java:216)
	at org.openqa.selenium.remote.service.DriverCommandExecutor.execute(DriverCommandExecutor.java:174)
	at org.openqa.selenium.remote.RemoteWebDriver.execute(RemoteWebDriver.java:518)
	at org.openqa.selenium.remote.RemoteWebElement.execute(RemoteWebElement.java:223)
	at org.openqa.selenium.remote.RemoteWebElement.sendKeys(RemoteWebElement.java:110)
	at com.juaracoding.kelompok1.steps.LoginSteps.input_invalid_credentials(LoginSteps.java:38)
	at ?.the user enters wrong username and password(file:///C:/Users/User/OneDrive/Dokumen/SQABatch27/Hadir-Quality-Assurance/src/main/resources/features/Login.feature:13)

[INFO] 
[INFO] Results:
[INFO] 
[ERROR] Failures: 
[ERROR]   TestRunner.runScenario ╗ ElementNotInteractable element not interactable
  (Session info: chrome=147.0.7727.118)
Build info: version: '4.21.0', revision: '79ed462ef4'
System info: os.name: 'Windows 11', os.arch: 'amd64', os.version: '10.0', java.version: '25.0.2'
Driver info: org.openqa.selenium.chrome.ChromeDriver
Command: [988783ba357f17ae86d873647c1eacc9, sendKeysToElement {value=[Ljava.lang.CharSequence;@1a1cc163, id=f.16BCFEE4DB34DE0859664C2BF7BA0A2F.d.B6E01989A09D2074272498A2E5853C0E.e.17}]
Capabilities {acceptInsecureCerts: false, browserName: chrome, browserVersion: 147.0.7727.118, chrome: {chromedriverVersion: 147.0.7727.117 (474cc805edd..., userDataDir: C:\Users\User\AppData\Local...}, fedcm:accounts: true, goog:chromeOptions: {debuggerAddress: localhost:54132}, goog:processID: 2760, networkConnectionEnabled: false, pageLoadStrategy: normal, platformName: windows, proxy: Proxy(), se:cdp: ws://localhost:54132/devtoo..., se:cdpVersion: 147.0.7727.118, setWindowRect: true, strictFileInteractability: false, timeouts: {implicit: 0, pageLoad: 300000, script: 30000}, unhandledPromptBehavior: dismiss and notify, webauthn:extension:credBlob: true, webauthn:extension:largeBlob: true, webauthn:extension:minPinLength: true, webauthn:extension:prf: true, webauthn:virtualAuthenticators: true}
Element: [[ChromeDriver: chrome on windows (988783ba357f17ae86d873647c1eacc9)] -> name: password]
Session ID: 988783ba357f17ae86d873647c1eacc9
[ERROR]   TestRunner.runScenario ╗ ElementNotInteractable element not interactable
  (Session info: chrome=147.0.7727.118)
Build info: version: '4.21.0', revision: '79ed462ef4'
System info: os.name: 'Windows 11', os.arch: 'amd64', os.version: '10.0', java.version: '25.0.2'
Driver info: org.openqa.selenium.chrome.ChromeDriver
Command: [009a5571c846e0b742d8a29e825ec5a2, sendKeysToElement {value=[Ljava.lang.CharSequence;@1d6d1d42, id=f.D4ADBF2B31AF37CAB95A1F818F3FEB67.d.A5E9A825B39BAB01390540D671FD0B34.e.19}]
Capabilities {acceptInsecureCerts: false, browserName: chrome, browserVersion: 147.0.7727.118, chrome: {chromedriverVersion: 147.0.7727.117 (474cc805edd..., userDataDir: C:\Users\User\AppData\Local...}, fedcm:accounts: true, goog:chromeOptions: {debuggerAddress: localhost:59569}, goog:processID: 16000, networkConnectionEnabled: false, pageLoadStrategy: normal, platformName: windows, proxy: Proxy(), se:cdp: ws://localhost:59569/devtoo..., se:cdpVersion: 147.0.7727.118, setWindowRect: true, strictFileInteractability: false, timeouts: {implicit: 0, pageLoad: 300000, script: 30000}, unhandledPromptBehavior: dismiss and notify, webauthn:extension:credBlob: true, webauthn:extension:largeBlob: true, webauthn:extension:minPinLength: true, webauthn:extension:prf: true, webauthn:virtualAuthenticators: true}
Element: [[ChromeDriver: chrome on windows (009a5571c846e0b742d8a29e825ec5a2)] -> name: password]
Session ID: 009a5571c846e0b742d8a29e825ec5a2
[ERROR]   TestRunner.runScenario ╗ ElementNotInteractable element not interactable
  (Session info: chrome=147.0.7727.118)
Build info: version: '4.21.0', revision: '79ed462ef4'
System info: os.name: 'Windows 11', os.arch: 'amd64', os.version: '10.0', java.version: '25.0.2'
Driver info: org.openqa.selenium.chrome.ChromeDriver
Command: [db20d2ac0fe057dc983f25c2bac5d594, sendKeysToElement {value=[Ljava.lang.CharSequence;@26cb5207, id=f.63ED4D716FF73FFB913662FA64B7E1A3.d.CF2B90B0A97F0EE73FE24FBE6CBF95AD.e.20}]
Capabilities {acceptInsecureCerts: false, browserName: chrome, browserVersion: 147.0.7727.118, chrome: {chromedriverVersion: 147.0.7727.117 (474cc805edd..., userDataDir: C:\Users\User\AppData\Local...}, fedcm:accounts: true, goog:chromeOptions: {debuggerAddress: localhost:51388}, goog:processID: 6560, networkConnectionEnabled: false, pageLoadStrategy: normal, platformName: windows, proxy: Proxy(), se:cdp: ws://localhost:51388/devtoo..., se:cdpVersion: 147.0.7727.118, setWindowRect: true, strictFileInteractability: false, timeouts: {implicit: 0, pageLoad: 300000, script: 30000}, unhandledPromptBehavior: dismiss and notify, webauthn:extension:credBlob: true, webauthn:extension:largeBlob: true, webauthn:extension:minPinLength: true, webauthn:extension:prf: true, webauthn:virtualAuthenticators: true}
Element: [[ChromeDriver: chrome on windows (db20d2ac0fe057dc983f25c2bac5d594)] -> name: password]
Session ID: db20d2ac0fe057dc983f25c2bac5d594
[ERROR]   TestRunner.runScenario ╗ ElementNotInteractable element not interactable
  (Session info: chrome=147.0.7727.118)
Build info: version: '4.21.0', revision: '79ed462ef4'
System info: os.name: 'Windows 11', os.arch: 'amd64', os.version: '10.0', java.version: '25.0.2'
Driver info: org.openqa.selenium.chrome.ChromeDriver
Command: [f0d3e3cf9d8ac973a30b273301a1c2ae, sendKeysToElement {value=[Ljava.lang.CharSequence;@574a89e2, id=f.023ADA26C2EF52D44D78B0FB22018528.d.9FD7E3A702724CD4861D53A48FE82DA0.e.20}]
Capabilities {acceptInsecureCerts: false, browserName: chrome, browserVersion: 147.0.7727.118, chrome: {chromedriverVersion: 147.0.7727.117 (474cc805edd..., userDataDir: C:\Users\User\AppData\Local...}, fedcm:accounts: true, goog:chromeOptions: {debuggerAddress: localhost:55284}, goog:processID: 18000, networkConnectionEnabled: false, pageLoadStrategy: normal, platformName: windows, proxy: Proxy(), se:cdp: ws://localhost:55284/devtoo..., se:cdpVersion: 147.0.7727.118, setWindowRect: true, strictFileInteractability: false, timeouts: {implicit: 0, pageLoad: 300000, script: 30000}, unhandledPromptBehavior: dismiss and notify, webauthn:extension:credBlob: true, webauthn:extension:largeBlob: true, webauthn:extension:minPinLength: true, webauthn:extension:prf: true, webauthn:virtualAuthenticators: true}
Element: [[ChromeDriver: chrome on windows (f0d3e3cf9d8ac973a30b273301a1c2ae)] -> name: password]
Session ID: f0d3e3cf9d8ac973a30b273301a1c2ae
[ERROR]   TestRunner.runScenario ╗ ElementNotInteractable element not interactable
  (Session info: chrome=147.0.7727.118)
Build info: version: '4.21.0', revision: '79ed462ef4'
System info: os.name: 'Windows 11', os.arch: 'amd64', os.version: '10.0', java.version: '25.0.2'
Driver info: org.openqa.selenium.chrome.ChromeDriver
Command: [98e949049589b5e811d299533d389803, sendKeysToElement {value=[Ljava.lang.CharSequence;@1eaf1e62, id=f.7B613FD8117686E3DBD67A475FFE4CDD.d.6685ED23E3DD87A238B7A048A53ACBEF.e.17}]
Capabilities {acceptInsecureCerts: false, browserName: chrome, browserVersion: 147.0.7727.118, chrome: {chromedriverVersion: 147.0.7727.117 (474cc805edd..., userDataDir: C:\Users\User\AppData\Local...}, fedcm:accounts: true, goog:chromeOptions: {debuggerAddress: localhost:59575}, goog:processID: 22220, networkConnectionEnabled: false, pageLoadStrategy: normal, platformName: windows, proxy: Proxy(), se:cdp: ws://localhost:59575/devtoo..., se:cdpVersion: 147.0.7727.118, setWindowRect: true, strictFileInteractability: false, timeouts: {implicit: 0, pageLoad: 300000, script: 30000}, unhandledPromptBehavior: dismiss and notify, webauthn:extension:credBlob: true, webauthn:extension:largeBlob: true, webauthn:extension:minPinLength: true, webauthn:extension:prf: true, webauthn:virtualAuthenticators: true}
Element: [[ChromeDriver: chrome on windows (98e949049589b5e811d299533d389803)] -> name: password]
Session ID: 98e949049589b5e811d299533d389803
[ERROR]   TestRunner.runScenario ╗ ElementNotInteractable element not interactable
  (Session info: chrome=147.0.7727.118)
Build info: version: '4.21.0', revision: '79ed462ef4'
System info: os.name: 'Windows 11', os.arch: 'amd64', os.version: '10.0', java.version: '25.0.2'
Driver info: org.openqa.selenium.chrome.ChromeDriver
Command: [ed99765fa1c0bb6dbcededb6a2266144, sendKeysToElement {value=[Ljava.lang.CharSequence;@330c1f61, id=f.A13DC1123B2C5F418BF20A50FEFDCE50.d.AF76F9CD4F931699B3774803E196DDBD.e.17}]
Capabilities {acceptInsecureCerts: false, browserName: chrome, browserVersion: 147.0.7727.118, chrome: {chromedriverVersion: 147.0.7727.117 (474cc805edd..., userDataDir: C:\Users\User\AppData\Local...}, fedcm:accounts: true, goog:chromeOptions: {debuggerAddress: localhost:53473}, goog:processID: 10876, networkConnectionEnabled: false, pageLoadStrategy: normal, platformName: windows, proxy: Proxy(), se:cdp: ws://localhost:53473/devtoo..., se:cdpVersion: 147.0.7727.118, setWindowRect: true, strictFileInteractability: false, timeouts: {implicit: 0, pageLoad: 300000, script: 30000}, unhandledPromptBehavior: dismiss and notify, webauthn:extension:credBlob: true, webauthn:extension:largeBlob: true, webauthn:extension:minPinLength: true, webauthn:extension:prf: true, webauthn:virtualAuthenticators: true}
Element: [[ChromeDriver: chrome on windows (ed99765fa1c0bb6dbcededb6a2266144)] -> name: password]
Session ID: ed99765fa1c0bb6dbcededb6a2266144
[ERROR]   TestRunner.runScenario ╗ ElementNotInteractable element not interactable
  (Session info: chrome=147.0.7727.118)
Build info: version: '4.21.0', revision: '79ed462ef4'
System info: os.name: 'Windows 11', os.arch: 'amd64', os.version: '10.0', java.version: '25.0.2'
Driver info: org.openqa.selenium.chrome.ChromeDriver
Command: [461fa063a0faa7a03ae105cfa8b4139c, sendKeysToElement {value=[Ljava.lang.CharSequence;@f3fcd59, id=f.63338C2FC9E5C6FBC2032AEEDD8A0741.d.0529B8E78459A8F4D2DE512962BF7B0D.e.16}]
Capabilities {acceptInsecureCerts: false, browserName: chrome, browserVersion: 147.0.7727.118, chrome: {chromedriverVersion: 147.0.7727.117 (474cc805edd..., userDataDir: C:\Users\User\AppData\Local...}, fedcm:accounts: true, goog:chromeOptions: {debuggerAddress: localhost:52059}, goog:processID: 22232, networkConnectionEnabled: false, pageLoadStrategy: normal, platformName: windows, proxy: Proxy(), se:cdp: ws://localhost:52059/devtoo..., se:cdpVersion: 147.0.7727.118, setWindowRect: true, strictFileInteractability: false, timeouts: {implicit: 0, pageLoad: 300000, script: 30000}, unhandledPromptBehavior: dismiss and notify, webauthn:extension:credBlob: true, webauthn:extension:largeBlob: true, webauthn:extension:minPinLength: true, webauthn:extension:prf: true, webauthn:virtualAuthenticators: true}
Element: [[ChromeDriver: chrome on windows (461fa063a0faa7a03ae105cfa8b4139c)] -> name: password]
Session ID: 461fa063a0faa7a03ae105cfa8b4139c
[ERROR]   TestRunner.runScenario ╗ ElementNotInteractable element not interactable
  (Session info: chrome=147.0.7727.118)
Build info: version: '4.21.0', revision: '79ed462ef4'
System info: os.name: 'Windows 11', os.arch: 'amd64', os.version: '10.0', java.version: '25.0.2'
Driver info: org.openqa.selenium.chrome.ChromeDriver
Command: [20014d39ad2bb7e65dfc5a2dc8503a42, sendKeysToElement {value=[Ljava.lang.CharSequence;@38b5f25, id=f.8FED8428ECBE4EA69A858B301F26F0D9.d.F9607973CCA06DE140F42E375834EDB9.e.17}]
Capabilities {acceptInsecureCerts: false, browserName: chrome, browserVersion: 147.0.7727.118, chrome: {chromedriverVersion: 147.0.7727.117 (474cc805edd..., userDataDir: C:\Users\User\AppData\Local...}, fedcm:accounts: true, goog:chromeOptions: {debuggerAddress: localhost:51553}, goog:processID: 12188, networkConnectionEnabled: false, pageLoadStrategy: normal, platformName: windows, proxy: Proxy(), se:cdp: ws://localhost:51553/devtoo..., se:cdpVersion: 147.0.7727.118, setWindowRect: true, strictFileInteractability: false, timeouts: {implicit: 0, pageLoad: 300000, script: 30000}, unhandledPromptBehavior: dismiss and notify, webauthn:extension:credBlob: true, webauthn:extension:largeBlob: true, webauthn:extension:minPinLength: true, webauthn:extension:prf: true, webauthn:virtualAuthenticators: true}
Element: [[ChromeDriver: chrome on windows (20014d39ad2bb7e65dfc5a2dc8503a42)] -> name: password]
Session ID: 20014d39ad2bb7e65dfc5a2dc8503a42
[ERROR]   TestRunner.runScenario ╗ ElementNotInteractable element not interactable
  (Session info: chrome=147.0.7727.118)
Build info: version: '4.21.0', revision: '79ed462ef4'
System info: os.name: 'Windows 11', os.arch: 'amd64', os.version: '10.0', java.version: '25.0.2'
Driver info: org.openqa.selenium.chrome.ChromeDriver
Command: [c09a4c9f4c72ddb8a3ed2044c265b902, sendKeysToElement {value=[Ljava.lang.CharSequence;@4248e66b, id=f.2BFD6588E36EF4C99D202B64CF7E646A.d.D97BAC531FC44E54EA66771CDCAA01AB.e.17}]
Capabilities {acceptInsecureCerts: false, browserName: chrome, browserVersion: 147.0.7727.118, chrome: {chromedriverVersion: 147.0.7727.117 (474cc805edd..., userDataDir: C:\Users\User\AppData\Local...}, fedcm:accounts: true, goog:chromeOptions: {debuggerAddress: localhost:57250}, goog:processID: 2988, networkConnectionEnabled: false, pageLoadStrategy: normal, platformName: windows, proxy: Proxy(), se:cdp: ws://localhost:57250/devtoo..., se:cdpVersion: 147.0.7727.118, setWindowRect: true, strictFileInteractability: false, timeouts: {implicit: 0, pageLoad: 300000, script: 30000}, unhandledPromptBehavior: dismiss and notify, webauthn:extension:credBlob: true, webauthn:extension:largeBlob: true, webauthn:extension:minPinLength: true, webauthn:extension:prf: true, webauthn:virtualAuthenticators: true}
Element: [[ChromeDriver: chrome on windows (c09a4c9f4c72ddb8a3ed2044c265b902)] -> name: password]
Session ID: c09a4c9f4c72ddb8a3ed2044c265b902
[ERROR]   TestRunner.runScenario ╗ ElementNotInteractable element not interactable
  (Session info: chrome=147.0.7727.118)
Build info: version: '4.21.0', revision: '79ed462ef4'
System info: os.name: 'Windows 11', os.arch: 'amd64', os.version: '10.0', java.version: '25.0.2'
Driver info: org.openqa.selenium.chrome.ChromeDriver
Command: [4962a76119e365eb28fbb7622941bf40, sendKeysToElement {value=[Ljava.lang.CharSequence;@4e682398, id=f.A96AF1A3193CEE50E1B501B0DEB5F72A.d.4C20990DF0C37CA22382BBD1014BEAF6.e.17}]
Capabilities {acceptInsecureCerts: false, browserName: chrome, browserVersion: 147.0.7727.118, chrome: {chromedriverVersion: 147.0.7727.117 (474cc805edd..., userDataDir: C:\Users\User\AppData\Local...}, fedcm:accounts: true, goog:chromeOptions: {debuggerAddress: localhost:50906}, goog:processID: 20868, networkConnectionEnabled: false, pageLoadStrategy: normal, platformName: windows, proxy: Proxy(), se:cdp: ws://localhost:50906/devtoo..., se:cdpVersion: 147.0.7727.118, setWindowRect: true, strictFileInteractability: false, timeouts: {implicit: 0, pageLoad: 300000, script: 30000}, unhandledPromptBehavior: dismiss and notify, webauthn:extension:credBlob: true, webauthn:extension:largeBlob: true, webauthn:extension:minPinLength: true, webauthn:extension:prf: true, webauthn:virtualAuthenticators: true}
Element: [[ChromeDriver: chrome on windows (4962a76119e365eb28fbb7622941bf40)] -> name: password]
Session ID: 4962a76119e365eb28fbb7622941bf40
[ERROR]   TestRunner.runScenario ╗ ElementNotInteractable element not interactable
  (Session info: chrome=147.0.7727.118)
Build info: version: '4.21.0', revision: '79ed462ef4'
System info: os.name: 'Windows 11', os.arch: 'amd64', os.version: '10.0', java.version: '25.0.2'
Driver info: org.openqa.selenium.chrome.ChromeDriver
Command: [1c2e7dc0f4127f68b4d3f51b6eb1b16c, sendKeysToElement {value=[Ljava.lang.CharSequence;@3e17a0a1, id=f.E5EEB0D8AA0FE59FB25C19E6086309D6.d.49425C7FDD1C4C605945327A3464021B.e.20}]
Capabilities {acceptInsecureCerts: false, browserName: chrome, browserVersion: 147.0.7727.118, chrome: {chromedriverVersion: 147.0.7727.117 (474cc805edd..., userDataDir: C:\Users\User\AppData\Local...}, fedcm:accounts: true, goog:chromeOptions: {debuggerAddress: localhost:53377}, goog:processID: 14532, networkConnectionEnabled: false, pageLoadStrategy: normal, platformName: windows, proxy: Proxy(), se:cdp: ws://localhost:53377/devtoo..., se:cdpVersion: 147.0.7727.118, setWindowRect: true, strictFileInteractability: false, timeouts: {implicit: 0, pageLoad: 300000, script: 30000}, unhandledPromptBehavior: dismiss and notify, webauthn:extension:credBlob: true, webauthn:extension:largeBlob: true, webauthn:extension:minPinLength: true, webauthn:extension:prf: true, webauthn:virtualAuthenticators: true}
Element: [[ChromeDriver: chrome on windows (1c2e7dc0f4127f68b4d3f51b6eb1b16c)] -> name: password]
Session ID: 1c2e7dc0f4127f68b4d3f51b6eb1b16c
[ERROR]   TestRunner.runScenario ╗ ElementNotInteractable element not interactable
  (Session info: chrome=147.0.7727.118)
Build info: version: '4.21.0', revision: '79ed462ef4'
System info: os.name: 'Windows 11', os.arch: 'amd64', os.version: '10.0', java.version: '25.0.2'
Driver info: org.openqa.selenium.chrome.ChromeDriver
Command: [c9b4963ef19dd604411b6f9cbbaaffe9, sendKeysToElement {value=[Ljava.lang.CharSequence;@1fac1d5c, id=f.439C1631D846972E30102768BA4F7937.d.E722E8EE15AE2727703728C532C379BA.e.17}]
Capabilities {acceptInsecureCerts: false, browserName: chrome, browserVersion: 147.0.7727.118, chrome: {chromedriverVersion: 147.0.7727.117 (474cc805edd..., userDataDir: C:\Users\User\AppData\Local...}, fedcm:accounts: true, goog:chromeOptions: {debuggerAddress: localhost:62503}, goog:processID: 16048, networkConnectionEnabled: false, pageLoadStrategy: normal, platformName: windows, proxy: Proxy(), se:cdp: ws://localhost:62503/devtoo..., se:cdpVersion: 147.0.7727.118, setWindowRect: true, strictFileInteractability: false, timeouts: {implicit: 0, pageLoad: 300000, script: 30000}, unhandledPromptBehavior: dismiss and notify, webauthn:extension:credBlob: true, webauthn:extension:largeBlob: true, webauthn:extension:minPinLength: true, webauthn:extension:prf: true, webauthn:virtualAuthenticators: true}
Element: [[ChromeDriver: chrome on windows (c9b4963ef19dd604411b6f9cbbaaffe9)] -> name: password]
Session ID: c9b4963ef19dd604411b6f9cbbaaffe9
[INFO] 
[ERROR] Tests run: 12, Failures: 12, Errors: 0, Skipped: 0
[INFO] 
[INFO] ------------------------------------------------------------------------
[INFO] BUILD FAILURE
[INFO] ------------------------------------------------------------------------
[INFO] Total time:  52.586 s
[INFO] Finished at: 2026-04-27T13:42:24+08:00
[INFO] ------------------------------------------------------------------------
[ERROR] Failed to execute goal org.apache.maven.plugins:maven-surefire-plugin:3.0.0:test (default-test) on project testing-bdd: There are test failures.
[ERROR] 
[ERROR] Please refer to C:\Users\User\OneDrive\Dokumen\SQABatch27\Hadir-Quality-Assurance\target\surefire-reports for the individual test results.
[ERROR] Please refer to dump files (if any exist) [date].dump, [date]-jvmRun[N].dump and [date].dumpstream.
[ERROR] -> [Help 1]
[ERROR] 
[ERROR] To see the full stack trace of the errors, re-run Maven with the -e switch.
[ERROR] Re-run Maven using the -X switch to enable full debug logging.
[ERROR] 
[ERROR] For more information about the errors and possible solutions, please read the following articles:
[ERROR] [Help 1] http://cwiki.apache.org/confluence/display/MAVEN/MojoFailureException
